../Middlewares/ST/STM32_USB_Host_Library/Class/HID/Src/usbh_hid.c:469:13:USBH_HID_IncrementInterface	8	static
../Middlewares/ST/STM32_USB_Host_Library/Class/HID/Src/usbh_hid.c:760:27:USBH_HID_SOFProcess	8	static
../Middlewares/ST/STM32_USB_Host_Library/Class/HID/Src/usbh_hid.c:347:27:USBH_HID_InterfaceDeInit	24	static
../Middlewares/ST/STM32_USB_Host_Library/Class/HID/Src/usbh_hid.c:132:27:USBH_HID_InterfaceInit	64	static
../Middlewares/ST/STM32_USB_Host_Library/Class/HID/Src/usbh_hid.c:794:20:USBH_HID_GetHIDReportDescriptor	16	static
../Middlewares/ST/STM32_USB_Host_Library/Class/HID/Src/usbh_hid.c:820:20:USBH_HID_GetHIDDescriptor	16	static
../Middlewares/ST/STM32_USB_Host_Library/Class/HID/Src/usbh_hid.c:839:20:USBH_HID_SetIdle	4	static
../Middlewares/ST/STM32_USB_Host_Library/Class/HID/Src/usbh_hid.c:866:20:USBH_HID_SetReport	8	static
../Middlewares/ST/STM32_USB_Host_Library/Class/HID/Src/usbh_hid.c:894:20:USBH_HID_GetReport	8	static
../Middlewares/ST/STM32_USB_Host_Library/Class/HID/Src/usbh_hid.c:919:20:USBH_HID_SetProtocol	0	static
../Middlewares/ST/STM32_USB_Host_Library/Class/HID/Src/usbh_hid.c:382:27:USBH_HID_ClassRequest	24	static
../Middlewares/ST/STM32_USB_Host_Library/Class/HID/Src/usbh_hid.c:979:17:USBH_HID_GetDeviceType	0	static
../Middlewares/ST/STM32_USB_Host_Library/Class/HID/Src/usbh_hid.c:1003:9:USBH_HID_GetPollInterval	0	static
../Middlewares/ST/STM32_USB_Host_Library/Class/HID/Src/usbh_hid.c:1026:6:USBH_HID_FifoInit	0	static
../Middlewares/ST/STM32_USB_Host_Library/Class/HID/Src/usbh_hid.c:1042:10:USBH_HID_FifoRead	20	static
../Middlewares/ST/STM32_USB_Host_Library/Class/HID/Src/usbh_hid.c:1079:10:USBH_HID_FifoWrite	20	static
../Middlewares/ST/STM32_USB_Host_Library/Class/HID/Src/usbh_hid.c:1114:13:USBH_HID_EventCallback	0	static
../Middlewares/ST/STM32_USB_Host_Library/Class/HID/Src/usbh_hid.c:581:27:USBH_HID_Process	32	static
