../Middlewares/ST/STM32_USB_Host_Library/Core/Src/usbh_core.c:227:27:DeInitStateMachine.isra	16	static
../Middlewares/ST/STM32_USB_Host_Library/Core/Src/usbh_core.c:92:20:USBH_Init	16	static
../Middlewares/ST/STM32_USB_Host_Library/Core/Src/usbh_core.c:169:20:USBH_DeInit	8	static
../Middlewares/ST/STM32_USB_Host_Library/Core/Src/usbh_core.c:263:20:USBH_RegisterClass	8	static
../Middlewares/ST/STM32_USB_Host_Library/Core/Src/usbh_core.c:291:20:USBH_SelectInterface	16	static
../Middlewares/ST/STM32_USB_Host_Library/Core/Src/usbh_core.c:318:9:USBH_GetActiveClass	0	static
../Middlewares/ST/STM32_USB_Host_Library/Core/Src/usbh_core.c:332:9:USBH_FindInterface	16	static
../Middlewares/ST/STM32_USB_Host_Library/Core/Src/usbh_core.c:353:9:USBH_CheckInterface	16	static
../Middlewares/ST/STM32_USB_Host_Library/Core/Src/usbh_core.c:383:9:USBH_FindInterfaceIndex	12	static
../Middlewares/ST/STM32_USB_Host_Library/Core/Src/usbh_core.c:409:20:USBH_Start	8	static
../Middlewares/ST/STM32_USB_Host_Library/Core/Src/usbh_core.c:425:20:USBH_Stop	8	static
../Middlewares/ST/STM32_USB_Host_Library/Core/Src/usbh_core.c:445:20:USBH_ReEnumerate	16	static
../Middlewares/ST/STM32_USB_Host_Library/Core/Src/usbh_core.c:862:6:USBH_RecoveryPhost	2960	static
../Middlewares/ST/STM32_USB_Host_Library/Core/Src/usbh_core.c:473:20:USBH_Process	40	static
../Middlewares/ST/STM32_USB_Host_Library/Core/Src/usbh_core.c:1191:6:USBH_LL_SetTimer	0	static
../Middlewares/ST/STM32_USB_Host_Library/Core/Src/usbh_core.c:1201:6:USBH_LL_IncTimer	0	static
../Middlewares/ST/STM32_USB_Host_Library/Core/Src/usbh_core.c:1224:6:USBH_LL_PortEnabled	0	static
../Middlewares/ST/STM32_USB_Host_Library/Core/Src/usbh_core.c:1245:6:USBH_LL_PortDisabled	0	static
../Middlewares/ST/STM32_USB_Host_Library/Core/Src/usbh_core.c:1257:9:USBH_IsPortEnabled	0	static
../Middlewares/ST/STM32_USB_Host_Library/Core/Src/usbh_core.c:1267:20:USBH_LL_Connect	0	static
../Middlewares/ST/STM32_USB_Host_Library/Core/Src/usbh_core.c:1290:20:USBH_LL_Disconnect	16	static
