../USB_HOST/Target/usbh_conf.c:65:6:HAL_HCD_MspInit	56	static
../USB_HOST/Target/usbh_conf.c:126:6:HAL_HCD_MspDeInit	8	static
../USB_HOST/Target/usbh_conf.c:178:6:HAL_HCD_SOF_Callback	0	static
../USB_HOST/Target/usbh_conf.c:188:6:HAL_HCD_Connect_Callback	0	static
../USB_HOST/Target/usbh_conf.c:198:6:HAL_HCD_Disconnect_Callback	0	static
../USB_HOST/Target/usbh_conf.c:210:6:HAL_HCD_HC_NotifyURBChange_Callback	0	static
../USB_HOST/Target/usbh_conf.c:222:6:HAL_HCD_PortEnabled_Callback	0	static
../USB_HOST/Target/usbh_conf.c:232:6:HAL_HCD_PortDisabled_Callback	0	static
../USB_HOST/Target/usbh_conf.c:246:20:USBH_LL_Init	8	static
../USB_HOST/Target/usbh_conf.c:347:19:USBH_LL_GetSpeed	8	static
../USB_HOST/Target/usbh_conf.c:419:10:USBH_LL_GetLastXferSize	0	static
../USB_HOST/Target/usbh_conf.c:523:22:USBH_LL_GetURBState	0	static
../USB_HOST/Target/usbh_conf.c:537:20:USBH_LL_DriverVBUS	16	static
../USB_HOST/Target/usbh_conf.c:557:20:USBH_LL_SetToggle	0	static
../USB_HOST/Target/usbh_conf.c:580:9:USBH_LL_GetToggle	0	static
../USB_HOST/Target/usbh_conf.c:602:6:USBH_Delay	0	static
../USB_HOST/Target/usbh_conf.c:607:10:USBH_GetTick	0	static
../USB_HOST/Target/usbh_conf.c:617:20:USBH_Get_USB_Status	0	static
../USB_HOST/Target/usbh_conf.c:296:20:USBH_LL_DeInit	8	static
../USB_HOST/Target/usbh_conf.c:313:20:USBH_LL_Start	8	static
../USB_HOST/Target/usbh_conf.c:330:20:USBH_LL_Stop	8	static
../USB_HOST/Target/usbh_conf.c:377:20:USBH_LL_ResetPort	8	static
../USB_HOST/Target/usbh_conf.c:389:20:USBH_LL_ResetPort_Start	8	static
../USB_HOST/Target/usbh_conf.c:401:20:USBH_LL_ResetPort_End	8	static
../USB_HOST/Target/usbh_conf.c:435:20:USBH_LL_OpenPipe	32	static
../USB_HOST/Target/usbh_conf.c:455:20:USBH_LL_ClosePipe	8	static
../USB_HOST/Target/usbh_conf.c:494:20:USBH_LL_SubmitURB	32	static
