Archive member included to satisfy reference by file (symbol)

/opt/st/stm32cubeide_1.12.1/plugins/com.st.stm32cube.ide.mcu.externaltools.gnu-tools-for-stm32.10.3-2021.10.linux64_1.0.200.202301161003/tools/bin/../lib/gcc/arm-none-eabi/10.3.1/../../../../arm-none-eabi/lib/thumb/v7e-m+fp/hard/libc_nano.a(lib_a-errno.o)
                              ./Core/Src/syscalls.o (__errno)
/opt/st/stm32cubeide_1.12.1/plugins/com.st.stm32cube.ide.mcu.externaltools.gnu-tools-for-stm32.10.3-2021.10.linux64_1.0.200.202301161003/tools/bin/../lib/gcc/arm-none-eabi/10.3.1/../../../../arm-none-eabi/lib/thumb/v7e-m+fp/hard/libc_nano.a(lib_a-exit.o)
                              /opt/st/stm32cubeide_1.12.1/plugins/com.st.stm32cube.ide.mcu.externaltools.gnu-tools-for-stm32.10.3-2021.10.linux64_1.0.200.202301161003/tools/bin/../lib/gcc/arm-none-eabi/10.3.1/../../../../arm-none-eabi/lib/thumb/v7e-m+fp/hard/crt0.o (exit)
/opt/st/stm32cubeide_1.12.1/plugins/com.st.stm32cube.ide.mcu.externaltools.gnu-tools-for-stm32.10.3-2021.10.linux64_1.0.200.202301161003/tools/bin/../lib/gcc/arm-none-eabi/10.3.1/../../../../arm-none-eabi/lib/thumb/v7e-m+fp/hard/libc_nano.a(lib_a-impure.o)
                              /opt/st/stm32cubeide_1.12.1/plugins/com.st.stm32cube.ide.mcu.externaltools.gnu-tools-for-stm32.10.3-2021.10.linux64_1.0.200.202301161003/tools/bin/../lib/gcc/arm-none-eabi/10.3.1/../../../../arm-none-eabi/lib/thumb/v7e-m+fp/hard/libc_nano.a(lib_a-exit.o) (_global_impure_ptr)
/opt/st/stm32cubeide_1.12.1/plugins/com.st.stm32cube.ide.mcu.externaltools.gnu-tools-for-stm32.10.3-2021.10.linux64_1.0.200.202301161003/tools/bin/../lib/gcc/arm-none-eabi/10.3.1/../../../../arm-none-eabi/lib/thumb/v7e-m+fp/hard/libc_nano.a(lib_a-init.o)
                              /opt/st/stm32cubeide_1.12.1/plugins/com.st.stm32cube.ide.mcu.externaltools.gnu-tools-for-stm32.10.3-2021.10.linux64_1.0.200.202301161003/tools/bin/../lib/gcc/arm-none-eabi/10.3.1/../../../../arm-none-eabi/lib/thumb/v7e-m+fp/hard/crt0.o (__libc_init_array)
/opt/st/stm32cubeide_1.12.1/plugins/com.st.stm32cube.ide.mcu.externaltools.gnu-tools-for-stm32.10.3-2021.10.linux64_1.0.200.202301161003/tools/bin/../lib/gcc/arm-none-eabi/10.3.1/../../../../arm-none-eabi/lib/thumb/v7e-m+fp/hard/libc_nano.a(lib_a-malloc.o)
                              ./Middlewares/ST/STM32_USB_Host_Library/Class/HID/Src/usbh_hid.o (malloc)
/opt/st/stm32cubeide_1.12.1/plugins/com.st.stm32cube.ide.mcu.externaltools.gnu-tools-for-stm32.10.3-2021.10.linux64_1.0.200.202301161003/tools/bin/../lib/gcc/arm-none-eabi/10.3.1/../../../../arm-none-eabi/lib/thumb/v7e-m+fp/hard/libc_nano.a(lib_a-memcmp.o)
                              ./Core/Src/AES_func.o (memcmp)
/opt/st/stm32cubeide_1.12.1/plugins/com.st.stm32cube.ide.mcu.externaltools.gnu-tools-for-stm32.10.3-2021.10.linux64_1.0.200.202301161003/tools/bin/../lib/gcc/arm-none-eabi/10.3.1/../../../../arm-none-eabi/lib/thumb/v7e-m+fp/hard/libc_nano.a(lib_a-memcpy-stub.o)
                              ./Core/Src/EEPROM_EXTERN.o (memcpy)
/opt/st/stm32cubeide_1.12.1/plugins/com.st.stm32cube.ide.mcu.externaltools.gnu-tools-for-stm32.10.3-2021.10.linux64_1.0.200.202301161003/tools/bin/../lib/gcc/arm-none-eabi/10.3.1/../../../../arm-none-eabi/lib/thumb/v7e-m+fp/hard/libc_nano.a(lib_a-memmove.o)
                              ./Core/Src/SCREEN.o (memmove)
/opt/st/stm32cubeide_1.12.1/plugins/com.st.stm32cube.ide.mcu.externaltools.gnu-tools-for-stm32.10.3-2021.10.linux64_1.0.200.202301161003/tools/bin/../lib/gcc/arm-none-eabi/10.3.1/../../../../arm-none-eabi/lib/thumb/v7e-m+fp/hard/libc_nano.a(lib_a-memset.o)
                              /opt/st/stm32cubeide_1.12.1/plugins/com.st.stm32cube.ide.mcu.externaltools.gnu-tools-for-stm32.10.3-2021.10.linux64_1.0.200.202301161003/tools/bin/../lib/gcc/arm-none-eabi/10.3.1/../../../../arm-none-eabi/lib/thumb/v7e-m+fp/hard/crt0.o (memset)
/opt/st/stm32cubeide_1.12.1/plugins/com.st.stm32cube.ide.mcu.externaltools.gnu-tools-for-stm32.10.3-2021.10.linux64_1.0.200.202301161003/tools/bin/../lib/gcc/arm-none-eabi/10.3.1/../../../../arm-none-eabi/lib/thumb/v7e-m+fp/hard/libc_nano.a(lib_a-nano-freer.o)
                              /opt/st/stm32cubeide_1.12.1/plugins/com.st.stm32cube.ide.mcu.externaltools.gnu-tools-for-stm32.10.3-2021.10.linux64_1.0.200.202301161003/tools/bin/../lib/gcc/arm-none-eabi/10.3.1/../../../../arm-none-eabi/lib/thumb/v7e-m+fp/hard/libc_nano.a(lib_a-malloc.o) (_free_r)
/opt/st/stm32cubeide_1.12.1/plugins/com.st.stm32cube.ide.mcu.externaltools.gnu-tools-for-stm32.10.3-2021.10.linux64_1.0.200.202301161003/tools/bin/../lib/gcc/arm-none-eabi/10.3.1/../../../../arm-none-eabi/lib/thumb/v7e-m+fp/hard/libc_nano.a(lib_a-nano-mallocr.o)
                              /opt/st/stm32cubeide_1.12.1/plugins/com.st.stm32cube.ide.mcu.externaltools.gnu-tools-for-stm32.10.3-2021.10.linux64_1.0.200.202301161003/tools/bin/../lib/gcc/arm-none-eabi/10.3.1/../../../../arm-none-eabi/lib/thumb/v7e-m+fp/hard/libc_nano.a(lib_a-malloc.o) (_malloc_r)
[...]
Memory Configuration

Name             Origin             Length             Attributes
CCMRAM           0x0000000010000000 0x0000000000010000 xrw
RAM              0x0000000020000000 0x0000000000020000 xrw
FLASH            0x0000000008000000 0x0000000000100000 xr
*default*        0x0000000000000000 0xffffffffffffffff

Linker script and memory map

LOAD /opt/st/stm32cubeide_1.12.1/plugins/com.st.stm32cube.ide.mcu.externaltools.gnu-tools-for-stm32.10.3-2021.10.linux64_1.0.200.202301161003/tools/bin/../lib/gcc/arm-none-eabi/10.3.1/thumb/v7e-m+fp/hard/crti.o
LOAD /opt/st/stm32cubeide_1.12.1/plugins/com.st.stm32cube.ide.mcu.externaltools.gnu-tools-for-stm32.10.3-2021.10.linux64_1.0.200.202301161003/tools/bin/../lib/gcc/arm-none-eabi/10.3.1/thumb/v7e-m+fp/hard/crtbegin.o
LOAD /opt/st/stm32cubeide_1.12.1/plugins/com.st.stm32cube.ide.mcu.externaltools.gnu-tools-for-stm32.10.3-2021.10.linux64_1.0.200.202301161003/tools/bin/../lib/gcc/arm-none-eabi/10.3.1/../../../../arm-none-eabi/lib/thumb/v7e-m+fp/hard/crt0.o
LOAD ./Core/Src/1-Version.o
LOAD ./Core/Src/AES_func.o
LOAD ./Core/Src/BMP_to_USB.o
LOAD ./Core/Src/DS18B20.o
LOAD ./Core/Src/DS3231.o
LOAD ./Core/Src/EEPROM_EXTERN.o
LOAD ./Core/Src/ILI9341.o
LOAD ./Core/Src/IWDG_Delay.o
LOAD ./Core/Src/MPU6050.o
LOAD ./Core/Src/SCREEN.o
LOAD ./Core/Src/SN74HC595.o
LOAD ./Core/Src/STM32F4_UID.o
LOAD ./Core/Src/base64.o
LOAD ./Core/Src/clock.o
LOAD ./Core/Src/dwt_stm32_delay.o
LOAD ./Core/Src/export_file_csv.o
LOAD ./Core/Src/fonts.o
LOAD ./Core/Src/key_map.o
LOAD ./Core/Src/log_uart.o
LOAD ./Core/Src/main.o
LOAD ./Core/Src/num_base_64.o
LOAD ./Core/Src/screen_menu.o
LOAD ./Core/Src/stm32f4xx_hal_msp.o
LOAD ./Core/Src/stm32f4xx_it.o
LOAD ./Core/Src/syscalls.o
LOAD ./Core/Src/sysmem.o
LOAD ./Core/Src/system_stm32f4xx.o
LOAD ./Core/Src/w25qxx.o
LOAD ./Core/Src/tiny-AES/aes.o
LOAD ./Core/Startup/startup_stm32f407vgtx.o
LOAD ./Drivers/STM32F4xx_HAL_Driver/Src/stm32f4xx_hal.o
LOAD ./Drivers/STM32F4xx_HAL_Driver/Src/stm32f4xx_hal_adc.o
LOAD ./Drivers/STM32F4xx_HAL_Driver/Src/stm32f4xx_hal_adc_ex.o
LOAD ./Drivers/STM32F4xx_HAL_Driver/Src/stm32f4xx_hal_cortex.o
LOAD ./Drivers/STM32F4xx_HAL_Driver/Src/stm32f4xx_hal_crc.o
LOAD ./Drivers/STM32F4xx_HAL_Driver/Src/stm32f4xx_hal_dma.o
LOAD ./Drivers/STM32F4xx_HAL_Driver/Src/stm32f4xx_hal_dma_ex.o
LOAD ./Drivers/STM32F4xx_HAL_Driver/Src/stm32f4xx_hal_eth.o
LOAD ./Drivers/STM32F4xx_HAL_Driver/Src/stm32f4xx_hal_exti.o
LOAD ./Drivers/STM32F4xx_HAL_Driver/Src/stm32f4xx_hal_flash.o
LOAD ./Drivers/STM32F4xx_HAL_Driver/Src/stm32f4xx_hal_flash_ex.o
LOAD ./Drivers/STM32F4xx_HAL_Driver/Src/stm32f4xx_hal_flash_ramfunc.o
LOAD ./Drivers/STM32F4xx_HAL_Driver/Src/stm32f4xx_hal_gpio.o
LOAD ./Drivers/STM32F4xx_HAL_Driver/Src/stm32f4xx_hal_hcd.o
LOAD ./Drivers/STM32F4xx_HAL_Driver/Src/stm32f4xx_hal_i2c.o
LOAD ./Drivers/STM32F4xx_HAL_Driver/Src/stm32f4xx_hal_i2c_ex.o
LOAD ./Drivers/STM32F4xx_HAL_Driver/Src/stm32f4xx_hal_iwdg.o
LOAD ./Drivers/STM32F4xx_HAL_Driver/Src/stm32f4xx_hal_pwr.o
LOAD ./Drivers/STM32F4xx_HAL_Driver/Src/stm32f4xx_hal_pwr_ex.o
LOAD ./Drivers/STM32F4xx_HAL_Driver/Src/stm32f4xx_hal_rcc.o
LOAD ./Drivers/STM32F4xx_HAL_Driver/Src/stm32f4xx_hal_rcc_ex.o
LOAD ./Drivers/STM32F4xx_HAL_Driver/Src/stm32f4xx_hal_spi.o
LOAD ./Drivers/STM32F4xx_HAL_Driver/Src/stm32f4xx_hal_tim.o
LOAD ./Drivers/STM32F4xx_HAL_Driver/Src/stm32f4xx_hal_tim_ex.o
LOAD ./Drivers/STM32F4xx_HAL_Driver/Src/stm32f4xx_hal_uart.o
LOAD ./Drivers/STM32F4xx_HAL_Driver/Src/stm32f4xx_ll_adc.o
LOAD ./Drivers/STM32F4xx_HAL_Driver/Src/stm32f4xx_ll_usb.o
LOAD ./FATFS/App/fatfs.o
LOAD ./FATFS/Target/usbh_diskio.o
LOAD ./Middlewares/ST/STM32_USB_Host_Library/Class/HID/Src/usbh_hid.o
LOAD ./Middlewares/ST/STM32_USB_Host_Library/Class/HID/Src/usbh_hid_custom.o
LOAD ./Middlewares/ST/STM32_USB_Host_Library/Class/HID/Src/usbh_hid_keybd.o
LOAD ./Middlewares/ST/STM32_USB_Host_Library/Class/HID/Src/usbh_hid_mouse.o
LOAD ./Middlewares/ST/STM32_USB_Host_Library/Class/HID/Src/usbh_hid_parser.o
LOAD ./Middlewares/ST/STM32_USB_Host_Library/Class/MSC/Src/usbh_msc.o
LOAD ./Middlewares/ST/STM32_USB_Host_Library/Class/MSC/Src/usbh_msc_bot.o
LOAD ./Middlewares/ST/STM32_USB_Host_Library/Class/MSC/Src/usbh_msc_scsi.o
LOAD ./Middlewares/ST/STM32_USB_Host_Library/Core/Src/usbh_core.o
LOAD ./Middlewares/ST/STM32_USB_Host_Library/Core/Src/usbh_ctlreq.o
LOAD ./Middlewares/ST/STM32_USB_Host_Library/Core/Src/usbh_ioreq.o
LOAD ./Middlewares/ST/STM32_USB_Host_Library/Core/Src/usbh_pipes.o
LOAD ./Middlewares/Third_Party/FatFs/src/diskio.o
LOAD ./Middlewares/Third_Party/FatFs/src/ff.o
LOAD ./Middlewares/Third_Party/FatFs/src/ff_gen_drv.o
LOAD ./Middlewares/Third_Party/FatFs/src/option/ccsbcs.o
LOAD ./Middlewares/Third_Party/FatFs/src/option/syscall.o
LOAD ./USB_HOST/App/usb_host.o
LOAD ./USB_HOST/Target/usbh_conf.o
LOAD ./USB_HOST/Target/usbh_platform.o
START GROUP
LOAD /opt/st/stm32cubeide_1.12.1/plugins/com.st.stm32cube.ide.mcu.externaltools.gnu-tools-for-stm32.10.3-2021.10.linux64_1.0.200.202301161003/tools/bin/../lib/gcc/arm-none-eabi/10.3.1/../../../../arm-none-eabi/lib/thumb/v7e-m+fp/hard/libc_nano.a
LOAD /opt/st/stm32cubeide_1.12.1/plugins/com.st.stm32cube.ide.mcu.externaltools.gnu-tools-for-stm32.10.3-2021.10.linux64_1.0.200.202301161003/tools/bin/../lib/gcc/arm-none-eabi/10.3.1/../../../../arm-none-eabi/lib/thumb/v7e-m+fp/hard/libm.a
END GROUP
START GROUP
LOAD /opt/st/stm32cubeide_1.12.1/plugins/com.st.stm32cube.ide.mcu.externaltools.gnu-tools-for-stm32.10.3-2021.10.linux64_1.0.200.202301161003/tools/bin/../lib/gcc/arm-none-eabi/10.3.1/thumb/v7e-m+fp/hard/libgcc.a
LOAD /opt/st/stm32cubeide_1.12.1/plugins/com.st.stm32cube.ide.mcu.externaltools.gnu-tools-for-stm32.10.3-2021.10.linux64_1.0.200.202301161003/tools/bin/../lib/gcc/arm-none-eabi/10.3.1/../../../../arm-none-eabi/lib/thumb/v7e-m+fp/hard/libc_nano.a
END GROUP
START GROUP
LOAD /opt/st/stm32cubeide_1.12.1/plugins/com.st.stm32cube.ide.mcu.externaltools.gnu-tools-for-stm32.10.3-2021.10.linux64_1.0.200.202301161003/tools/bin/../lib/gcc/arm-none-eabi/10.3.1/thumb/v7e-m+fp/hard/libgcc.a
LOAD /opt/st/stm32cubeide_1.12.1/plugins/com.st.stm32cube.ide.mcu.externaltools.gnu-tools-for-stm32.10.3-2021.10.linux64_1.0.200.202301161003/tools/bin/../lib/gcc/arm-none-eabi/10.3.1/../../../../arm-none-eabi/lib/thumb/v7e-m+fp/hard/libc_nano.a
LOAD /opt/st/stm32cubeide_1.12.1/plugins/com.st.stm32cube.ide.mcu.externaltools.gnu-tools-for-stm32.10.3-2021.10.linux64_1.0.200.202301161003/tools/bin/../lib/gcc/arm-none-eabi/10.3.1/../../../../arm-none-eabi/lib/thumb/v7e-m+fp/hard/libnosys.a
END GROUP
START GROUP
LOAD /opt/st/stm32cubeide_1.12.1/plugins/com.st.stm32cube.ide.mcu.externaltools.gnu-tools-for-stm32.10.3-2021.10.linux64_1.0.200.202301161003/tools/bin/../lib/gcc/arm-none-eabi/10.3.1/thumb/v7e-m+fp/hard/libgcc.a
LOAD /opt/st/stm32cubeide_1.12.1/plugins/com.st.stm32cube.ide.mcu.externaltools.gnu-tools-for-stm32.10.3-2021.10.linux64_1.0.200.202301161003/tools/bin/../lib/gcc/arm-none-eabi/10.3.1/../../../../arm-none-eabi/lib/thumb/v7e-m+fp/hard/libc_nano.a
LOAD /opt/st/stm32cubeide_1.12.1/plugins/com.st.stm32cube.ide.mcu.externaltools.gnu-tools-for-stm32.10.3-2021.10.linux64_1.0.200.202301161003/tools/bin/../lib/gcc/arm-none-eabi/10.3.1/../../../../arm-none-eabi/lib/thumb/v7e-m+fp/hard/libnosys.a
END GROUP
LOAD /opt/st/stm32cubeide_1.12.1/plugins/com.st.stm32cube.ide.mcu.externaltools.gnu-tools-for-stm32.10.3-2021.10.linux64_1.0.200.202301161003/tools/bin/../lib/gcc/arm-none-eabi/10.3.1/thumb/v7e-m+fp/hard/crtend.o
LOAD /opt/st/stm32cubeide_1.12.1/plugins/com.st.stm32cube.ide.mcu.externaltools.gnu-tools-for-stm32.10.3-2021.10.linux64_1.0.200.202301161003/tools/bin/../lib/gcc/arm-none-eabi/10.3.1/thumb/v7e-m+fp/hard/crtn.o
                0x0000000020020000                _estack = (ORIGIN (RAM) + LENGTH (RAM))
                0x0000000000004000                _Min_Heap_Size = 0x4000
                0x0000000000004000                _Min_Stack_Size = 0x4000

.isr_vector     0x0000000008000000      0x188
                0x0000000008000000                . = ALIGN (0x4)
 *(.isr_vector)
 .isr_vector    0x0000000008000000      0x188 ./Core/Startup/startup_stm32f407vgtx.o
                0x0000000008000000                g_pfnVectors
                0x0000000008000188                . = ALIGN (0x4)

.text           0x0000000008000190    0x1e3f8
                0x0000000008000190                . = ALIGN (0x4)
 *(.text)
 .text          0x0000000008000190       0x40 /opt/st/stm32cubeide_1.12.1/plugins/com.st.stm32cube.ide.mcu.externaltools.gnu-tools-for-stm32.10.3-2021.10.linux64_1.0.200.202301161003/tools/bin/../lib/gcc/arm-none-eabi/10.3.1/thumb/v7e-m+fp/hard/crtbegin.o
 .text          0x00000000080001d0       0x10 /opt/st/stm32cubeide_1.12.1/plugins/com.st.stm32cube.ide.mcu.externaltools.gnu-tools-for-stm32.10.3-2021.10.linux64_1.0.200.202301161003/tools/bin/../lib/gcc/arm-none-eabi/10.3.1/../../../../arm-none-eabi/lib/thumb/v7e-m+fp/hard/libc_nano.a(lib_a-strlen.o)
                0x00000000080001d0                strlen
 .text          0x00000000080001e0       0xa0 /opt/st/stm32cubeide_1.12.1/plugins/com.st.stm32cube.ide.mcu.externaltools.gnu-tools-for-stm32.10.3-2021.10.linux64_1.0.200.202301161003/tools/bin/../lib/gcc/arm-none-eabi/10.3.1/../../../../arm-none-eabi/lib/thumb/v7e-m+fp/hard/libc_nano.a(lib_a-memchr.o)
                0x00000000080001e0                memchr
 .text          0x0000000008000280      0x378 /opt/st/stm32cubeide_1.12.1/plugins/com.st.stm32cube.ide.mcu.externaltools.gnu-tools-for-stm32.10.3-2021.10.linux64_1.0.200.202301161003/tools/bin/../lib/gcc/arm-none-eabi/10.3.1/thumb/v7e-m+fp/hard/libgcc.a(_arm_addsubdf3.o)
                0x0000000008000280                __aeabi_drsub
                0x0000000008000288                __aeabi_dsub
                0x0000000008000288                __subdf3
                0x000000000800028c                __adddf3
                0x000000000800028c                __aeabi_dadd
                0x0000000008000504                __aeabi_ui2d
                0x0000000008000504                __floatunsidf
                0x0000000008000524                __floatsidf
                0x0000000008000524                __aeabi_i2d
                0x0000000008000548                __extendsfdf2
                0x0000000008000548                __aeabi_f2d
                0x000000000800058c                __aeabi_ul2d
                0x000000000800058c                __floatundidf
                0x000000000800059c                __floatdidf
                0x000000000800059c                __aeabi_l2d
 .text          0x00000000080005f8      0x424 /opt/st/stm32cubeide_1.12.1/plugins/com.st.stm32cube.ide.mcu.externaltools.gnu-tools-for-stm32.10.3-2021.10.linux64_1.0.200.202301161003/tools/bin/../lib/gcc/arm-none-eabi/10.3.1/thumb/v7e-m+fp/hard/libgcc.a(_arm_muldivdf3.o)
                0x00000000080005f8                __aeabi_dmul
                0x00000000080005f8                __muldf3
                0x000000000800084c                __aeabi_ddiv
                0x000000000800084c                __divdf3
 .text          0x0000000008000a1c      0x110 /opt/st/stm32cubeide_1.12.1/plugins/com.st.stm32cube.ide.mcu.externaltools.gnu-tools-for-stm32.10.3-2021.10.linux64_1.0.200.202301161003/tools/bin/../lib/gcc/arm-none-eabi/10.3.1/thumb/v7e-m+fp/hard/libgcc.a(_arm_cmpdf2.o)
                0x0000000008000a1c                __gtdf2
                0x0000000008000a1c                __gedf2
                0x0000000008000a24                __ltdf2
                0x0000000008000a24                __ledf2
                0x0000000008000a2c                __cmpdf2
                0x0000000008000a2c                __eqdf2
                0x0000000008000a2c                __nedf2
                0x0000000008000aa8                __aeabi_cdrcmple
                0x0000000008000ab8                __aeabi_cdcmple
                0x0000000008000ab8                __aeabi_cdcmpeq
                0x0000000008000ac8                __aeabi_dcmpeq
                0x0000000008000adc                __aeabi_dcmplt
                0x0000000008000af0                __aeabi_dcmple
                0x0000000008000b04                __aeabi_dcmpge
                0x0000000008000b18                __aeabi_dcmpgt
 .text          0x0000000008000b2c       0x2c /opt/st/stm32cubeide_1.12.1/plugins/com.st.stm32cube.ide.mcu.externaltools.gnu-tools-for-stm32.10.3-2021.10.linux64_1.0.200.202301161003/tools/bin/../lib/gcc/arm-none-eabi/10.3.1/thumb/v7e-m+fp/hard/libgcc.a(_arm_unorddf2.o)
                0x0000000008000b2c                __aeabi_dcmpun
                0x0000000008000b2c                __unorddf2
 .text          0x0000000008000b58       0x50 /opt/st/stm32cubeide_1.12.1/plugins/com.st.stm32cube.ide.mcu.externaltools.gnu-tools-for-stm32.10.3-2021.10.linux64_1.0.200.202301161003/tools/bin/../lib/gcc/arm-none-eabi/10.3.1/thumb/v7e-m+fp/hard/libgcc.a(_arm_fixdfsi.o)
                0x0000000008000b58                __fixdfsi
                0x0000000008000b58                __aeabi_d2iz
 .text          0x0000000008000ba8       0x40 /opt/st/stm32cubeide_1.12.1/plugins/com.st.stm32cube.ide.mcu.externaltools.gnu-tools-for-stm32.10.3-2021.10.linux64_1.0.200.202301161003/tools/bin/../lib/gcc/arm-none-eabi/10.3.1/thumb/v7e-m+fp/hard/libgcc.a(_arm_fixunsdfsi.o)
                0x0000000008000ba8                __fixunsdfsi
                0x0000000008000ba8                __aeabi_d2uiz
 .text          0x0000000008000be8       0xa0 /opt/st/stm32cubeide_1.12.1/plugins/com.st.stm32cube.ide.mcu.externaltools.gnu-tools-for-stm32.10.3-2021.10.linux64_1.0.200.202301161003/tools/bin/../lib/gcc/arm-none-eabi/10.3.1/thumb/v7e-m+fp/hard/libgcc.a(_arm_truncdfsf2.o)
                0x0000000008000be8                __aeabi_d2f
                0x0000000008000be8                __truncdfsf2
 .text          0x0000000008000c88       0x30 /opt/st/stm32cubeide_1.12.1/plugins/com.st.stm32cube.ide.mcu.externaltools.gnu-tools-for-stm32.10.3-2021.10.linux64_1.0.200.202301161003/tools/bin/../lib/gcc/arm-none-eabi/10.3.1/thumb/v7e-m+fp/hard/libgcc.a(_aeabi_uldivmod.o)
                0x0000000008000c88                __aeabi_uldivmod
 .text          0x0000000008000cb8      0x2d0 /opt/st/stm32cubeide_1.12.1/plugins/com.st.stm32cube.ide.mcu.externaltools.gnu-tools-for-stm32.10.3-2021.10.linux64_1.0.200.202301161003/tools/bin/../lib/gcc/arm-none-eabi/10.3.1/thumb/v7e-m+fp/hard/libgcc.a(_udivmoddi4.o)
                0x0000000008000cb8                __udivmoddi4
 .text          0x0000000008000f88        0x4 /opt/st/stm32cubeide_1.12.1/plugins/com.st.stm32cube.ide.mcu.externaltools.gnu-tools-for-stm32.10.3-2021.10.linux64_1.0.200.202301161003/tools/bin/../lib/gcc/arm-none-eabi/10.3.1/thumb/v7e-m+fp/hard/libgcc.a(_dvmd_tls.o)
                0x0000000008000f88                __aeabi_ldiv0
                0x0000000008000f88                __aeabi_idiv0
 *(.text*)
 .text.BMP_to_USB_header
                0x0000000008000f8c       0xd0 ./Core/Src/BMP_to_USB.o
                0x0000000008000f8c                BMP_to_USB_header
 .text.DWT_Delay_us
                0x000000000800105c       0x30 ./Core/Src/DS18B20.o
 .text.DS18B20_IO_as_OUTPUT.isra.0
                0x000000000800108c       0x36 ./Core/Src/DS18B20.o
 .text.DS18B20_IO_as_INPUT.isra.0
                0x00000000080010c2       0x30 ./Core/Src/DS18B20.o
 *fill*         0x00000000080010f2        0x2 
 .text.DS18B20_power_channel
                0x00000000080010f4       0xa8 ./Core/Src/DS18B20.o
                0x00000000080010f4                DS18B20_power_channel
 .text.DS18B20_init
                0x000000000800119c       0x1c ./Core/Src/DS18B20.o
                0x000000000800119c                DS18B20_init
 .text.DS18B20_LH_signal
                0x00000000080011b8       0x38 ./Core/Src/DS18B20.o
                0x00000000080011b8                DS18B20_LH_signal
 .text.DS18B20_write_bit
                0x00000000080011f0       0x1c ./Core/Src/DS18B20.o
                0x00000000080011f0                DS18B20_write_bit
 .text.DS18B20_write_byte
                0x000000000800120c       0x26 ./Core/Src/DS18B20.o
                0x000000000800120c                DS18B20_write_byte
 .text.DS18B20_read_bit
                0x0000000008001232       0x44 ./Core/Src/DS18B20.o
                0x0000000008001232                DS18B20_read_bit
 .text.DS18B20_read_byte
                0x0000000008001276       0x26 ./Core/Src/DS18B20.o
                0x0000000008001276                DS18B20_read_byte
 .text.DS18B20_reset
                0x000000000800129c       0x48 ./Core/Src/DS18B20.o
                0x000000000800129c                DS18B20_reset
 .text.DS18B20_get_presence
                0x00000000080012e4       0x22 ./Core/Src/DS18B20.o
                0x00000000080012e4                DS18B20_get_presence
 .text.DS18B20_start_temperature_conversion
                0x0000000008001306       0x54 ./Core/Src/DS18B20.o
                0x0000000008001306                DS18B20_start_temperature_conversion
 *fill*         0x000000000800135a        0x2 
 .text.DS18B20_bin_to_float
                0x000000000800135c       0x3c ./Core/Src/DS18B20.o
                0x000000000800135c                DS18B20_bin_to_float
 .text.DS18B20_get_scratchpad
                0x0000000008001398       0x52 ./Core/Src/DS18B20.o
                0x0000000008001398                DS18B20_get_scratchpad
 .text.DS18B20_write_scratchpad
                0x00000000080013ea       0x76 ./Core/Src/DS18B20.o
                0x00000000080013ea                DS18B20_write_scratchpad
 .text.DS18B20_get_resolution
                0x0000000008001460       0x4c ./Core/Src/DS18B20.o
                0x0000000008001460                DS18B20_get_resolution
 .text.DS18B20_set_resolution
                0x00000000080014ac       0x7c ./Core/Src/DS18B20.o
                0x00000000080014ac                DS18B20_set_resolution
 .text.DS18B20_hex_id
                0x0000000008001528       0x84 ./Core/Src/DS18B20.o
                0x0000000008001528                DS18B20_hex_id
 .text.DS18B20_b64_id
                0x00000000080015ac       0x34 ./Core/Src/DS18B20.o
                0x00000000080015ac                DS18B20_b64_id
 .text.DS18B20_CRC8
                0x00000000080015e0       0x36 ./Core/Src/DS18B20.o
                0x00000000080015e0                DS18B20_CRC8
 *fill*         0x0000000008001616        0x2 
 .text.DS18B20_get_temperature_no_wait
                0x0000000008001618      0x124 ./Core/Src/DS18B20.o
                0x0000000008001618                DS18B20_get_temperature_no_wait
 .text.DS18B20_get_ID
                0x000000000800173c       0xa4 ./Core/Src/DS18B20.o
                0x000000000800173c                DS18B20_get_ID
 .text.DS18B20_readSensors
                0x00000000080017e0      0x39c ./Core/Src/DS18B20.o
                0x00000000080017e0                DS18B20_readSensors
 .text.MX_I2C1_Init
                0x0000000008001b7c       0x3c ./Core/Src/DS3231.o
 .text.DS3231_send
                0x0000000008001bb8       0x44 ./Core/Src/DS3231.o
                0x0000000008001bb8                DS3231_send
 .text.DS3231_receive
                0x0000000008001bfc       0x44 ./Core/Src/DS3231.o
                0x0000000008001bfc                DS3231_receive
 .text.DS3231_Bcd2Bin
                0x0000000008001c40       0x12 ./Core/Src/DS3231.o
                0x0000000008001c40                DS3231_Bcd2Bin
 .text.DS3231_Bin2Bcd
                0x0000000008001c52       0x1a ./Core/Src/DS3231.o
                0x0000000008001c52                DS3231_Bin2Bcd
 .text.DS3231_SetDateTime
                0x0000000008001c6c      0x114 ./Core/Src/DS3231.o
                0x0000000008001c6c                DS3231_SetDateTime
 .text.DS3231_GetDateTime
                0x0000000008001d80      0x19c ./Core/Src/DS3231.o
                0x0000000008001d80                DS3231_GetDateTime
 .text.writeRTC
                0x0000000008001f1c       0x3c ./Core/Src/DS3231.o
                0x0000000008001f1c                writeRTC
 .text.readRTC  0x0000000008001f58       0x5c ./Core/Src/DS3231.o
                0x0000000008001f58                readRTC
 .text.DS3231_SetAlarmSec
                0x0000000008001fb4      0x15c ./Core/Src/DS3231.o
                0x0000000008001fb4                DS3231_SetAlarmSec
 .text.DS3231_AlarmInterrupt
                0x0000000008002110       0x7c ./Core/Src/DS3231.o
                0x0000000008002110                DS3231_AlarmInterrupt
 .text.DS3231_Alarm
                0x000000000800218c       0x80 ./Core/Src/DS3231.o
                0x000000000800218c                DS3231_Alarm
 .text.DS3231_OscStopped
                0x000000000800220c       0x30 ./Core/Src/DS3231.o
                0x000000000800220c                DS3231_OscStopped
 .text.DS3231_SquareWave
                0x000000000800223c       0x74 ./Core/Src/DS3231.o
                0x000000000800223c                DS3231_SquareWave
 .text.W25Q64_init
                0x00000000080022b0       0xfc ./Core/Src/EEPROM_EXTERN.o
                0x00000000080022b0                W25Q64_init
 .text.W25Q64_channel_erase
                0x00000000080023ac       0x90 ./Core/Src/EEPROM_EXTERN.o
                0x00000000080023ac                W25Q64_channel_erase
 .text.W25Q64_channel_zerofill
                0x000000000800243c       0x7c ./Core/Src/EEPROM_EXTERN.o
                0x000000000800243c                W25Q64_channel_zerofill
 .text.W25Q64_channel_check
                0x00000000080024b8       0x74 ./Core/Src/EEPROM_EXTERN.o
                0x00000000080024b8                W25Q64_channel_check
 .text.W25Q64_channel_is_empty
                0x000000000800252c       0x90 ./Core/Src/EEPROM_EXTERN.o
                0x000000000800252c                W25Q64_channel_is_empty
 .text.W25Q64_update_name
                0x00000000080025bc       0xde ./Core/Src/EEPROM_EXTERN.o
                0x00000000080025bc                W25Q64_update_name
 .text.W25Q64_read_name
                0x000000000800269a       0x38 ./Core/Src/EEPROM_EXTERN.o
                0x000000000800269a                W25Q64_read_name
 .text.W25Q64_update_header
                0x00000000080026d2       0xee ./Core/Src/EEPROM_EXTERN.o
                0x00000000080026d2                W25Q64_update_header
 .text.W25Q64_read_header
                0x00000000080027c0       0x62 ./Core/Src/EEPROM_EXTERN.o
                0x00000000080027c0                W25Q64_read_header
 *fill*         0x0000000008002822        0x2 
 .text.W25Q64_write_mark
                0x0000000008002824       0xc8 ./Core/Src/EEPROM_EXTERN.o
                0x0000000008002824                W25Q64_write_mark
 .text.W25Q64_read_mark_preset
                0x00000000080028ec       0x32 ./Core/Src/EEPROM_EXTERN.o
                0x00000000080028ec                W25Q64_read_mark_preset
 *fill*         0x000000000800291e        0x2 
 .text.W25Q64_read_mark
                0x0000000008002920       0xd0 ./Core/Src/EEPROM_EXTERN.o
                0x0000000008002920                W25Q64_read_mark
 .text.W25Q64_write_data
                0x00000000080029f0       0xec ./Core/Src/EEPROM_EXTERN.o
                0x00000000080029f0                W25Q64_write_data
 .text.W25Q64_read_data
                0x0000000008002adc       0xc0 ./Core/Src/EEPROM_EXTERN.o
                0x0000000008002adc                W25Q64_read_data
 .text.W25Q64_update_config
                0x0000000008002b9c      0x152 ./Core/Src/EEPROM_EXTERN.o
                0x0000000008002b9c                W25Q64_update_config
 .text.W25Q64_read_config
                0x0000000008002cee       0xd4 ./Core/Src/EEPROM_EXTERN.o
                0x0000000008002cee                W25Q64_read_config
 *fill*         0x0000000008002dc2        0x2 
 .text.ILI9341_Select
                0x0000000008002dc4       0x10 ./Core/Src/ILI9341.o
                0x0000000008002dc4                ILI9341_Select
 .text.ILI9341_Unselect
                0x0000000008002dd4       0x10 ./Core/Src/ILI9341.o
                0x0000000008002dd4                ILI9341_Unselect
 .text.ILI9341_Reset
                0x0000000008002de4       0x28 ./Core/Src/ILI9341.o
                0x0000000008002de4                ILI9341_Reset
 .text.ILI9341_ReadData
                0x0000000008002e0c       0x34 ./Core/Src/ILI9341.o
                0x0000000008002e0c                ILI9341_ReadData
 .text.ILI9341_WriteCommand
                0x0000000008002e40       0x30 ./Core/Src/ILI9341.o
                0x0000000008002e40                ILI9341_WriteCommand
 .text.ILI9341_WriteData
                0x0000000008002e70       0x40 ./Core/Src/ILI9341.o
                0x0000000008002e70                ILI9341_WriteData
 .text.ILI9341_WriteData16
                0x0000000008002eb0       0x1a ./Core/Src/ILI9341.o
                0x0000000008002eb0                ILI9341_WriteData16
 .text.ILI9341_SetAddressWindow
                0x0000000008002eca       0x5e ./Core/Src/ILI9341.o
                0x0000000008002eca                ILI9341_SetAddressWindow
 .text.ILI9341_FillRect.part.0
                0x0000000008002f28       0x98 ./Core/Src/ILI9341.o
 .text.ILI9341_Init
                0x0000000008002fc0      0x234 ./Core/Src/ILI9341.o
                0x0000000008002fc0                ILI9341_Init
 .text.ILI9341_WriteChar
                0x00000000080031f4      0x21a ./Core/Src/ILI9341.o
                0x00000000080031f4                ILI9341_WriteChar
 .text.ILI9341_WriteString
                0x000000000800340e       0x84 ./Core/Src/ILI9341.o
                0x000000000800340e                ILI9341_WriteString
 .text.ILI9341_FillRect
                0x0000000008003492       0x1c ./Core/Src/ILI9341.o
                0x0000000008003492                ILI9341_FillRect
 .text.ILI9341_FillScreen
                0x00000000080034ae       0x18 ./Core/Src/ILI9341.o
                0x00000000080034ae                ILI9341_FillScreen
 .text.ILI9341_DrawLineH
                0x00000000080034c6       0x18 ./Core/Src/ILI9341.o
                0x00000000080034c6                ILI9341_DrawLineH
 .text.ILI9341_DrawLineV
                0x00000000080034de       0x1a ./Core/Src/ILI9341.o
                0x00000000080034de                ILI9341_DrawLineV
 .text.ILI9341_DrawRect
                0x00000000080034f8       0x5e ./Core/Src/ILI9341.o
                0x00000000080034f8                ILI9341_DrawRect
 .text.ILI9341_WritePixel
                0x0000000008003556       0x34 ./Core/Src/ILI9341.o
                0x0000000008003556                ILI9341_WritePixel
 .text.ILI9341_Draw_BMP
                0x000000000800358a       0x64 ./Core/Src/ILI9341.o
                0x000000000800358a                ILI9341_Draw_BMP
 .text.ILI9341_DrawLine
                0x00000000080035ee       0xb4 ./Core/Src/ILI9341.o
                0x00000000080035ee                ILI9341_DrawLine
 *fill*         0x00000000080036a2        0x2 
 .text.ILI9341_color565
                0x00000000080036a4       0x18 ./Core/Src/ILI9341.o
                0x00000000080036a4                ILI9341_color565
 .text.ILI9341_readPixels16
                0x00000000080036bc       0x9c ./Core/Src/ILI9341.o
                0x00000000080036bc                ILI9341_readPixels16
 .text.ILI9341_Status
                0x0000000008003758       0x3c ./Core/Src/ILI9341.o
                0x0000000008003758                ILI9341_Status
 .text.IWDG_reset
                0x0000000008003794       0x18 ./Core/Src/IWDG_Delay.o
                0x0000000008003794                IWDG_reset
 .text.IWDG_delay_ms
                0x00000000080037ac       0x40 ./Core/Src/IWDG_Delay.o
                0x00000000080037ac                IWDG_delay_ms
 .text.MX_I2C3_Init
                0x00000000080037ec       0x3c ./Core/Src/MPU6050.o
 .text.MPU6050_send
                0x0000000008003828       0x44 ./Core/Src/MPU6050.o
                0x0000000008003828                MPU6050_send
 .text.MPU6050_receive
                0x000000000800386c       0x44 ./Core/Src/MPU6050.o
                0x000000000800386c                MPU6050_receive
 .text.MPU6050_setReg
                0x00000000080038b0       0x7c ./Core/Src/MPU6050.o
                0x00000000080038b0                MPU6050_setReg
 .text.MPU6050_ready
                0x000000000800392c       0x28 ./Core/Src/MPU6050.o
                0x000000000800392c                MPU6050_ready
 *fill*         0x0000000008003954        0x4 
 .text.MPU6050_acc
                0x0000000008003958      0x29c ./Core/Src/MPU6050.o
                0x0000000008003958                MPU6050_acc
 *fill*         0x0000000008003bf4        0x4 
 .text.MPU6050_acc_error
                0x0000000008003bf8      0x284 ./Core/Src/MPU6050.o
                0x0000000008003bf8                MPU6050_acc_error
 .text.MPU6050_reset
                0x0000000008003e7c       0xb8 ./Core/Src/MPU6050.o
                0x0000000008003e7c                MPU6050_reset
 .text.MPU6050_who_am_i
                0x0000000008003f34       0x90 ./Core/Src/MPU6050.o
                0x0000000008003f34                MPU6050_who_am_i
 .text.MPU6050_init
                0x0000000008003fc4       0xe4 ./Core/Src/MPU6050.o
                0x0000000008003fc4                MPU6050_init
 .text.draw_logo
                0x00000000080040a8       0x1a ./Core/Src/SCREEN.o
                0x00000000080040a8                draw_logo
 *fill*         0x00000000080040c2        0x2 
 .text.lcd_menu_keyboard
                0x00000000080040c4       0xa8 ./Core/Src/SCREEN.o
                0x00000000080040c4                lcd_menu_keyboard
 .text.add_char_to_text
                0x000000000800416c       0x2c ./Core/Src/SCREEN.o
                0x000000000800416c                add_char_to_text
 .text.text_editor
                0x0000000008004198      0x48c ./Core/Src/SCREEN.o
                0x0000000008004198                text_editor
 .text.lcd_config_clock_cursor_move
                0x0000000008004624       0x8c ./Core/Src/SCREEN.o
                0x0000000008004624                lcd_config_clock_cursor_move
 .text.lcd_batt_charging
                0x00000000080046b0       0x9a ./Core/Src/SCREEN.o
                0x00000000080046b0                lcd_batt_charging
 *fill*         0x000000000800474a        0x2 
 .text.lcd_config_ch_load_sensor_value
                0x000000000800474c      0x17c ./Core/Src/SCREEN.o
                0x000000000800474c                lcd_config_ch_load_sensor_value
 .text.ch_config_start
                0x00000000080048c8       0x74 ./Core/Src/SCREEN.o
                0x00000000080048c8                ch_config_start
 .text.ch_config_stop
                0x000000000800493c       0x6c ./Core/Src/SCREEN.o
                0x000000000800493c                ch_config_stop
 .text.lcd_config_ch_blink_status
                0x00000000080049a8       0x78 ./Core/Src/SCREEN.o
                0x00000000080049a8                lcd_config_ch_blink_status
 .text.lcd_config_ch_blink_status2
                0x0000000008004a20       0x74 ./Core/Src/SCREEN.o
                0x0000000008004a20                lcd_config_ch_blink_status2
 .text.lcd_config_ch_label
                0x0000000008004a94       0x90 ./Core/Src/SCREEN.o
                0x0000000008004a94                lcd_config_ch_label
 .text.lcd_config_ch_str_start
                0x0000000008004b24      0x144 ./Core/Src/SCREEN.o
                0x0000000008004b24                lcd_config_ch_str_start
 .text.lcd_config_ch_str_stop
                0x0000000008004c68       0xf4 ./Core/Src/SCREEN.o
                0x0000000008004c68                lcd_config_ch_str_stop
 .text.make_menu_str
                0x0000000008004d5c      0x180 ./Core/Src/SCREEN.o
                0x0000000008004d5c                make_menu_str
 .text.str_add_spaces
                0x0000000008004edc       0x2e ./Core/Src/SCREEN.o
                0x0000000008004edc                str_add_spaces
 *fill*         0x0000000008004f0a        0x2 
 .text.lcd_window
                0x0000000008004f0c       0xe4 ./Core/Src/SCREEN.o
                0x0000000008004f0c                lcd_window
 .text.lcd_config_clock
                0x0000000008004ff0      0x22c ./Core/Src/SCREEN.o
                0x0000000008004ff0                lcd_config_clock
 *fill*         0x000000000800521c        0x4 
 .text.lcd_sensors_monitor
                0x0000000008005220      0x39c ./Core/Src/SCREEN.o
                0x0000000008005220                lcd_sensors_monitor
 .text.lcd_sensors_monitor_offset
                0x00000000080055bc      0x1e0 ./Core/Src/SCREEN.o
                0x00000000080055bc                lcd_sensors_monitor_offset
 .text.lcd_config_ch
                0x000000000800579c      0x250 ./Core/Src/SCREEN.o
                0x000000000800579c                lcd_config_ch
 .text.lcd_config_ch_confirm
                0x00000000080059ec      0x334 ./Core/Src/SCREEN.o
                0x00000000080059ec                lcd_config_ch_confirm
 .text.lcd_config_language
                0x0000000008005d20      0x4ec ./Core/Src/SCREEN.o
                0x0000000008005d20                lcd_config_language
 .text.lcd_config_ch_erase
                0x000000000800620c       0x58 ./Core/Src/SCREEN.o
                0x000000000800620c                lcd_config_ch_erase
 *fill*         0x0000000008006264        0x4 
 .text.lcd_main
                0x0000000008006268      0x3c8 ./Core/Src/SCREEN.o
                0x0000000008006268                lcd_main
 .text.lcd_draw_progress_bars
                0x0000000008006630       0xec ./Core/Src/SCREEN.o
                0x0000000008006630                lcd_draw_progress_bars
 .text.lcd_progress_bar
                0x000000000800671c      0x3e8 ./Core/Src/SCREEN.o
                0x000000000800671c                lcd_progress_bar
 .text.lcd_menu_keyboard_async
                0x0000000008006b04     0x193c ./Core/Src/SCREEN.o
                0x0000000008006b04                lcd_menu_keyboard_async
 .text.lcd_usb_export
                0x0000000008008440      0x288 ./Core/Src/SCREEN.o
                0x0000000008008440                lcd_usb_export
 .text.lcd_memory_test_status
                0x00000000080086c8       0x90 ./Core/Src/SCREEN.o
                0x00000000080086c8                lcd_memory_test_status
 .text.lcd_memory_test
                0x0000000008008758      0x230 ./Core/Src/SCREEN.o
                0x0000000008008758                lcd_memory_test
 .text.lcd_password_config
                0x0000000008008988      0x1fc ./Core/Src/SCREEN.o
                0x0000000008008988                lcd_password_config
 .text.lcd_password
                0x0000000008008b84       0xb8 ./Core/Src/SCREEN.o
                0x0000000008008b84                lcd_password
 .text.lcd_password_blink
                0x0000000008008c3c       0x3c ./Core/Src/SCREEN.o
                0x0000000008008c3c                lcd_password_blink
 .text.drawInfo
                0x0000000008008c78     0x13e0 ./Core/Src/SCREEN.o
                0x0000000008008c78                drawInfo
 .text.lcd_data_process
                0x000000000800a058       0xbc ./Core/Src/SCREEN.o
                0x000000000800a058                lcd_data_process
 .text.drawLegends
                0x000000000800a114      0x204 ./Core/Src/SCREEN.o
                0x000000000800a114                drawLegends
 .text.drawGrid
                0x000000000800a318      0x128 ./Core/Src/SCREEN.o
                0x000000000800a318                drawGrid
 .text.drawLines
                0x000000000800a440      0x114 ./Core/Src/SCREEN.o
                0x000000000800a440                drawLines
 .text.drawGrids
                0x000000000800a554      0x1a4 ./Core/Src/SCREEN.o
                0x000000000800a554                drawGrids
 .text.lcd_graph
                0x000000000800a6f8      0x4b8 ./Core/Src/SCREEN.o
                0x000000000800a6f8                lcd_graph
 .text.lcd_loop
                0x000000000800abb0      0x114 ./Core/Src/SCREEN.o
                0x000000000800abb0                lcd_loop
 .text.HC595_set
                0x000000000800acc4       0x50 ./Core/Src/SN74HC595.o
                0x000000000800acc4                HC595_set
 .text.HC595_init
                0x000000000800ad14       0x30 ./Core/Src/SN74HC595.o
                0x000000000800ad14                HC595_init
 .text.STM32F4_getUID
                0x000000000800ad44       0x30 ./Core/Src/STM32F4_UID.o
                0x000000000800ad44                STM32F4_getUID
 .text.a3to4    0x000000000800ad74       0x30 ./Core/Src/base64.o
                0x000000000800ad74                a3to4
 .text.BASE64_encode
                0x000000000800ada4       0xc4 ./Core/Src/base64.o
                0x000000000800ada4                BASE64_encode
 .text.SystemClock_Config_40MHz
                0x000000000800ae68       0xa4 ./Core/Src/clock.o
                0x000000000800ae68                SystemClock_Config_40MHz
 .text.DWT_Delay_Init
                0x000000000800af0c       0x48 ./Core/Src/dwt_stm32_delay.o
                0x000000000800af0c                DWT_Delay_Init
 .text.get_ABNT2
                0x000000000800af54       0x60 ./Core/Src/key_map.o
                0x000000000800af54                get_ABNT2
 .text.__io_putchar
                0x000000000800afb4       0x20 ./Core/Src/log_uart.o
                0x000000000800afb4                __io_putchar
 .text._write   0x000000000800afd4       0x1c ./Core/Src/log_uart.o
                0x000000000800afd4                _write
 .text._read    0x000000000800aff0        0x6 ./Core/Src/log_uart.o
                0x000000000800aff0                _read
 *fill*         0x000000000800aff6        0x2 
 .text.usart_print_main_menu
                0x000000000800aff8      0x114 ./Core/Src/main.o
 .text.MX_GPIO_Init
                0x000000000800b10c      0x248 ./Core/Src/main.o
 .text.string2byte
                0x000000000800b354       0x14 ./Core/Src/main.o
                0x000000000800b354                string2byte
 .text.sizeof_array
                0x000000000800b368        0xe ./Core/Src/main.o
                0x000000000800b368                sizeof_array
 *fill*         0x000000000800b376        0x2 
 .text.HAL_GPIO_EXTI_Callback
                0x000000000800b378      0x1d0 ./Core/Src/main.o
                0x000000000800b378                HAL_GPIO_EXTI_Callback
 .text.get_ADC_Vref
                0x000000000800b548       0xa0 ./Core/Src/main.o
                0x000000000800b548                get_ADC_Vref
 .text.ADC_get  0x000000000800b5e8      0x424 ./Core/Src/main.o
                0x000000000800b5e8                ADC_get
 .text.user_pwm_setvalue
                0x000000000800ba0c       0x40 ./Core/Src/main.o
                0x000000000800ba0c                user_pwm_setvalue
 .text.HAL_UART_RxCpltCallback
                0x000000000800ba4c      0x178 ./Core/Src/main.o
                0x000000000800ba4c                HAL_UART_RxCpltCallback
 .text.map      0x000000000800bbc4       0x60 ./Core/Src/main.o
                0x000000000800bbc4                map
 .text.DS3231_Setup
                0x000000000800bc24       0x60 ./Core/Src/main.o
                0x000000000800bc24                DS3231_Setup
 .text.print_temperatures
                0x000000000800bc84       0x98 ./Core/Src/main.o
                0x000000000800bc84                print_temperatures
 .text.Sleep_wakeup_by_Timer
                0x000000000800bd1c       0x44 ./Core/Src/main.o
                0x000000000800bd1c                Sleep_wakeup_by_Timer
 .text.beep     0x000000000800bd60        0x2 ./Core/Src/main.o
                0x000000000800bd60                beep
 *fill*         0x000000000800bd62        0x2 
 .text.readTemperatureSensors
                0x000000000800bd64       0x7c ./Core/Src/main.o
                0x000000000800bd64                readTemperatureSensors
 .text.DS3231_init
                0x000000000800bde0      0x15c ./Core/Src/main.o
                0x000000000800bde0                DS3231_init
 *fill*         0x000000000800bf3c        0x4 
 .text.load_settings
                0x000000000800bf40      0x140 ./Core/Src/main.o
                0x000000000800bf40                load_settings
 .text.password_user_clear
                0x000000000800c080       0x34 ./Core/Src/main.o
                0x000000000800c080                password_user_clear
 .text.password_config_clear
                0x000000000800c0b4       0x54 ./Core/Src/main.o
                0x000000000800c0b4                password_config_clear
 .text.get_data_from_mem_for_main
                0x000000000800c108      0x188 ./Core/Src/main.o
                0x000000000800c108                get_data_from_mem_for_main
 .text.Error_Handler
                0x000000000800c290       0x18 ./Core/Src/main.o
                0x000000000800c290                Error_Handler
 .text.SystemClock_Config
                0x000000000800c2a8       0xa4 ./Core/Src/main.o
                0x000000000800c2a8                SystemClock_Config
 .text.MX_SPI3_Init2
                0x000000000800c34c       0x4c ./Core/Src/main.o
                0x000000000800c34c                MX_SPI3_Init2
 .text.main_init
                0x000000000800c398      0x858 ./Core/Src/main.o
                0x000000000800c398                main_init
 .text.startup.main
                0x000000000800cbf0     0x19c8 ./Core/Src/main.o
                0x000000000800cbf0                main
 .text.conv_b10_b64
                0x000000000800e5b8       0xbc ./Core/Src/num_base_64.o
                0x000000000800e5b8                conv_b10_b64
 .text.HAL_MspInit
                0x000000000800e674       0x38 ./Core/Src/stm32f4xx_hal_msp.o
                0x000000000800e674                HAL_MspInit
 .text.HAL_ADC_MspInit
                0x000000000800e6ac       0xd8 ./Core/Src/stm32f4xx_hal_msp.o
                0x000000000800e6ac                HAL_ADC_MspInit
 .text.HAL_ADC_MspDeInit
                0x000000000800e784       0x58 ./Core/Src/stm32f4xx_hal_msp.o
                0x000000000800e784                HAL_ADC_MspDeInit
 .text.HAL_CRC_MspInit
                0x000000000800e7dc       0x30 ./Core/Src/stm32f4xx_hal_msp.o
                0x000000000800e7dc                HAL_CRC_MspInit
 .text.HAL_I2C_MspInit
                0x000000000800e80c       0xf8 ./Core/Src/stm32f4xx_hal_msp.o
                0x000000000800e80c                HAL_I2C_MspInit
 .text.HAL_I2C_MspDeInit
                0x000000000800e904       0x64 ./Core/Src/stm32f4xx_hal_msp.o
                0x000000000800e904                HAL_I2C_MspDeInit
 .text.HAL_SPI_MspInit
                0x000000000800e968       0xc0 ./Core/Src/stm32f4xx_hal_msp.o
                0x000000000800e968                HAL_SPI_MspInit
 .text.HAL_TIM_Base_MspInit
                0x000000000800ea28       0x68 ./Core/Src/stm32f4xx_hal_msp.o
                0x000000000800ea28                HAL_TIM_Base_MspInit
 .text.HAL_TIM_MspPostInit
                0x000000000800ea90       0x54 ./Core/Src/stm32f4xx_hal_msp.o
                0x000000000800ea90                HAL_TIM_MspPostInit
 .text.HAL_UART_MspInit
                0x000000000800eae4       0x7c ./Core/Src/stm32f4xx_hal_msp.o
                0x000000000800eae4                HAL_UART_MspInit
 .text.NMI_Handler
                0x000000000800eb60       0x20 ./Core/Src/stm32f4xx_it.o
                0x000000000800eb60                NMI_Handler
 .text.HardFault_Handler
                0x000000000800eb80       0x24 ./Core/Src/stm32f4xx_it.o
                0x000000000800eb80                HardFault_Handler
 .text.MemManage_Handler
                0x000000000800eba4       0x24 ./Core/Src/stm32f4xx_it.o
                0x000000000800eba4                MemManage_Handler
 .text.BusFault_Handler
                0x000000000800ebc8       0x24 ./Core/Src/stm32f4xx_it.o
                0x000000000800ebc8                BusFault_Handler
 .text.UsageFault_Handler
                0x000000000800ebec       0x24 ./Core/Src/stm32f4xx_it.o
                0x000000000800ebec                UsageFault_Handler
 .text.SVC_Handler
                0x000000000800ec10        0x2 ./Core/Src/stm32f4xx_it.o
                0x000000000800ec10                SVC_Handler
 .text.DebugMon_Handler
                0x000000000800ec12        0x2 ./Core/Src/stm32f4xx_it.o
                0x000000000800ec12                DebugMon_Handler
 .text.PendSV_Handler
                0x000000000800ec14       0x18 ./Core/Src/stm32f4xx_it.o
                0x000000000800ec14                PendSV_Handler
 .text.SysTick_Handler
                0x000000000800ec2c       0xb0 ./Core/Src/stm32f4xx_it.o
                0x000000000800ec2c                SysTick_Handler
 .text.EXTI0_IRQHandler
                0x000000000800ecdc        0x6 ./Core/Src/stm32f4xx_it.o
                0x000000000800ecdc                EXTI0_IRQHandler
 .text.EXTI9_5_IRQHandler
                0x000000000800ece2       0x14 ./Core/Src/stm32f4xx_it.o
                0x000000000800ece2                EXTI9_5_IRQHandler
 .text.EXTI15_10_IRQHandler
                0x000000000800ecf6        0x8 ./Core/Src/stm32f4xx_it.o
                0x000000000800ecf6                EXTI15_10_IRQHandler
 *fill*         0x000000000800ecfe        0x2 
 .text.ADC_IRQHandler
                0x000000000800ed00       0x24 ./Core/Src/stm32f4xx_it.o
                0x000000000800ed00                ADC_IRQHandler
 .text.USART1_IRQHandler
                0x000000000800ed24        0xc ./Core/Src/stm32f4xx_it.o
                0x000000000800ed24                USART1_IRQHandler
 .text.TIM7_IRQHandler
                0x000000000800ed30       0x58 ./Core/Src/stm32f4xx_it.o
                0x000000000800ed30                TIM7_IRQHandler
 .text.OTG_FS_IRQHandler
                0x000000000800ed88        0xc ./Core/Src/stm32f4xx_it.o
                0x000000000800ed88                OTG_FS_IRQHandler
 .text.OTG_HS_IRQHandler
                0x000000000800ed94        0xc ./Core/Src/stm32f4xx_it.o
                0x000000000800ed94                OTG_HS_IRQHandler
 .text.OTG_HS_EP1_OUT_IRQHandler
                0x000000000800eda0        0x4 ./Core/Src/stm32f4xx_it.o
                0x000000000800eda0                OTG_HS_EP1_OUT_IRQHandler
 .text.OTG_HS_EP1_IN_IRQHandler
                0x000000000800eda4        0x4 ./Core/Src/stm32f4xx_it.o
                0x000000000800eda4                OTG_HS_EP1_IN_IRQHandler
 .text._getpid  0x000000000800eda8        0x4 ./Core/Src/syscalls.o
                0x000000000800eda8                _getpid
 .text._kill    0x000000000800edac       0x10 ./Core/Src/syscalls.o
                0x000000000800edac                _kill
 .text._exit    0x000000000800edbc        0xc ./Core/Src/syscalls.o
                0x000000000800edbc                _exit
 .text._close   0x000000000800edc8        0x6 ./Core/Src/syscalls.o
                0x000000000800edc8                _close
 .text._fstat   0x000000000800edce        0xa ./Core/Src/syscalls.o
                0x000000000800edce                _fstat
 .text._isatty  0x000000000800edd8        0x4 ./Core/Src/syscalls.o
                0x000000000800edd8                _isatty
 .text._lseek   0x000000000800eddc        0x4 ./Core/Src/syscalls.o
                0x000000000800eddc                _lseek
 .text._sbrk    0x000000000800ede0       0x40 ./Core/Src/sysmem.o
                0x000000000800ede0                _sbrk
 .text.SystemInit
                0x000000000800ee20       0x14 ./Core/Src/system_stm32f4xx.o
                0x000000000800ee20                SystemInit
 .text.W25qxx_Spi
                0x000000000800ee34       0x28 ./Core/Src/w25qxx.o
                0x000000000800ee34                W25qxx_Spi
 .text.W25qxx_ReadID
                0x000000000800ee5c       0x4c ./Core/Src/w25qxx.o
                0x000000000800ee5c                W25qxx_ReadID
 .text.W25qxx_ReadUniqID
                0x000000000800eea8       0x58 ./Core/Src/w25qxx.o
                0x000000000800eea8                W25qxx_ReadUniqID
 .text.W25qxx_WriteEnable
                0x000000000800ef00       0x30 ./Core/Src/w25qxx.o
                0x000000000800ef00                W25qxx_WriteEnable
 .text.W25qxx_ReadStatusRegister
                0x000000000800ef30       0x6c ./Core/Src/w25qxx.o
                0x000000000800ef30                W25qxx_ReadStatusRegister
 .text.W25qxx_WaitForWriteEnd
                0x000000000800ef9c       0x4c ./Core/Src/w25qxx.o
                0x000000000800ef9c                W25qxx_WaitForWriteEnd
 .text.W25qxx_Init
                0x000000000800efe8       0xf4 ./Core/Src/w25qxx.o
                0x000000000800efe8                W25qxx_Init
 .text.W25qxx_EraseSector
                0x000000000800f0dc       0x80 ./Core/Src/w25qxx.o
                0x000000000800f0dc                W25qxx_EraseSector
 .text.W25qxx_EraseBlock64
                0x000000000800f15c       0x88 ./Core/Src/w25qxx.o
                0x000000000800f15c                W25qxx_EraseBlock64
 .text.W25qxx_SectorToPage
                0x000000000800f1e4       0x14 ./Core/Src/w25qxx.o
                0x000000000800f1e4                W25qxx_SectorToPage
 .text.W25qxx_BlockToPage
                0x000000000800f1f8       0x14 ./Core/Src/w25qxx.o
                0x000000000800f1f8                W25qxx_BlockToPage
 .text.W25qxx_IsEmptySector
                0x000000000800f20c      0x13c ./Core/Src/w25qxx.o
                0x000000000800f20c                W25qxx_IsEmptySector
 .text.W25qxx_IsEmptyBlock
                0x000000000800f348      0x13c ./Core/Src/w25qxx.o
                0x000000000800f348                W25qxx_IsEmptyBlock
 .text.W25qxx_WriteByte
                0x000000000800f484       0x80 ./Core/Src/w25qxx.o
                0x000000000800f484                W25qxx_WriteByte
 .text.W25qxx_WritePage
                0x000000000800f504       0xa8 ./Core/Src/w25qxx.o
                0x000000000800f504                W25qxx_WritePage
 .text.W25qxx_WriteSectorZeroFill
                0x000000000800f5ac       0x54 ./Core/Src/w25qxx.o
                0x000000000800f5ac                W25qxx_WriteSectorZeroFill
 .text.W25qxx_WriteBlockZeroFill
                0x000000000800f600       0x50 ./Core/Src/w25qxx.o
                0x000000000800f600                W25qxx_WriteBlockZeroFill
 .text.W25qxx_ReadByte
                0x000000000800f650       0x7c ./Core/Src/w25qxx.o
                0x000000000800f650                W25qxx_ReadByte
 .text.W25qxx_ReadPage
                0x000000000800f6cc       0xac ./Core/Src/w25qxx.o
                0x000000000800f6cc                W25qxx_ReadPage
 .text.Reset_Handler
                0x000000000800f778       0x50 ./Core/Startup/startup_stm32f407vgtx.o
                0x000000000800f778                Reset_Handler
 .text.Default_Handler
                0x000000000800f7c8        0x2 ./Core/Startup/startup_stm32f407vgtx.o
                0x000000000800f7c8                RTC_Alarm_IRQHandler
                0x000000000800f7c8                HASH_RNG_IRQHandler
                0x000000000800f7c8                EXTI2_IRQHandler
                0x000000000800f7c8                TIM8_CC_IRQHandler
                0x000000000800f7c8                TIM1_CC_IRQHandler
                0x000000000800f7c8                DMA2_Stream5_IRQHandler
                0x000000000800f7c8                DMA1_Stream5_IRQHandler
                0x000000000800f7c8                PVD_IRQHandler
                0x000000000800f7c8                SDIO_IRQHandler
                0x000000000800f7c8                TAMP_STAMP_IRQHandler
                0x000000000800f7c8                CAN2_RX1_IRQHandler
                0x000000000800f7c8                EXTI3_IRQHandler
                0x000000000800f7c8                TIM8_TRG_COM_TIM14_IRQHandler
                0x000000000800f7c8                TIM1_UP_TIM10_IRQHandler
                0x000000000800f7c8                TIM8_UP_TIM13_IRQHandler
                0x000000000800f7c8                I2C3_ER_IRQHandler
                0x000000000800f7c8                I2C2_EV_IRQHandler
                0x000000000800f7c8                DMA1_Stream2_IRQHandler
                0x000000000800f7c8                CAN1_RX0_IRQHandler
                0x000000000800f7c8                FPU_IRQHandler
                0x000000000800f7c8                OTG_HS_WKUP_IRQHandler
                0x000000000800f7c8                CAN2_SCE_IRQHandler
                0x000000000800f7c8                DMA2_Stream2_IRQHandler
                0x000000000800f7c8                SPI1_IRQHandler
                0x000000000800f7c8                TIM6_DAC_IRQHandler
                0x000000000800f7c8                TIM1_BRK_TIM9_IRQHandler
                0x000000000800f7c8                DCMI_IRQHandler
                0x000000000800f7c8                CAN2_RX0_IRQHandler
                0x000000000800f7c8                DMA2_Stream3_IRQHandler
                0x000000000800f7c8                USART6_IRQHandler
                0x000000000800f7c8                USART3_IRQHandler
                0x000000000800f7c8                CAN1_RX1_IRQHandler
                0x000000000800f7c8                UART5_IRQHandler
                0x000000000800f7c8                DMA2_Stream0_IRQHandler
                0x000000000800f7c8                TIM4_IRQHandler
                0x000000000800f7c8                I2C1_EV_IRQHandler
                0x000000000800f7c8                DMA1_Stream6_IRQHandler
                0x000000000800f7c8                DMA1_Stream1_IRQHandler
                0x000000000800f7c8                UART4_IRQHandler
                0x000000000800f7c8                TIM3_IRQHandler
                0x000000000800f7c8                RCC_IRQHandler
                0x000000000800f7c8                TIM8_BRK_TIM12_IRQHandler
                0x000000000800f7c8                Default_Handler
                0x000000000800f7c8                DMA1_Stream7_IRQHandler
                0x000000000800f7c8                CAN2_TX_IRQHandler
                0x000000000800f7c8                TIM5_IRQHandler
                0x000000000800f7c8                DMA2_Stream7_IRQHandler
                0x000000000800f7c8                I2C3_EV_IRQHandler
                0x000000000800f7c8                RTC_WKUP_IRQHandler
                0x000000000800f7c8                ETH_WKUP_IRQHandler
                0x000000000800f7c8                SPI2_IRQHandler
                0x000000000800f7c8                DMA1_Stream0_IRQHandler
                0x000000000800f7c8                CAN1_TX_IRQHandler
                0x000000000800f7c8                EXTI4_IRQHandler
                0x000000000800f7c8                FSMC_IRQHandler
                0x000000000800f7c8                ETH_IRQHandler
                0x000000000800f7c8                WWDG_IRQHandler
                0x000000000800f7c8                TIM2_IRQHandler
                0x000000000800f7c8                OTG_FS_WKUP_IRQHandler
                0x000000000800f7c8                TIM1_TRG_COM_TIM11_IRQHandler
                0x000000000800f7c8                EXTI1_IRQHandler
                0x000000000800f7c8                USART2_IRQHandler
                0x000000000800f7c8                I2C2_ER_IRQHandler
                0x000000000800f7c8                DMA2_Stream1_IRQHandler
                0x000000000800f7c8                CAN1_SCE_IRQHandler
                0x000000000800f7c8                FLASH_IRQHandler
                0x000000000800f7c8                DMA2_Stream4_IRQHandler
                0x000000000800f7c8                SPI3_IRQHandler
                0x000000000800f7c8                DMA1_Stream4_IRQHandler
                0x000000000800f7c8                I2C1_ER_IRQHandler
                0x000000000800f7c8                DMA2_Stream6_IRQHandler
                0x000000000800f7c8                DMA1_Stream3_IRQHandler
 *fill*         0x000000000800f7ca        0x2 
 .text.HAL_InitTick
                0x000000000800f7cc       0x48 ./Drivers/STM32F4xx_HAL_Driver/Src/stm32f4xx_hal.o
                0x000000000800f7cc                HAL_InitTick
 .text.HAL_Init
                0x000000000800f814       0x34 ./Drivers/STM32F4xx_HAL_Driver/Src/stm32f4xx_hal.o
                0x000000000800f814                HAL_Init
 .text.HAL_IncTick
                0x000000000800f848       0x18 ./Drivers/STM32F4xx_HAL_Driver/Src/stm32f4xx_hal.o
                0x000000000800f848                HAL_IncTick
 .text.HAL_GetTick
                0x000000000800f860        0xc ./Drivers/STM32F4xx_HAL_Driver/Src/stm32f4xx_hal.o
                0x000000000800f860                HAL_GetTick
 .text.HAL_Delay
                0x000000000800f86c       0x28 ./Drivers/STM32F4xx_HAL_Driver/Src/stm32f4xx_hal.o
                0x000000000800f86c                HAL_Delay
 .text.HAL_SuspendTick
                0x000000000800f894        0xe ./Drivers/STM32F4xx_HAL_Driver/Src/stm32f4xx_hal.o
                0x000000000800f894                HAL_SuspendTick
 .text.HAL_ResumeTick
                0x000000000800f8a2        0xe ./Drivers/STM32F4xx_HAL_Driver/Src/stm32f4xx_hal.o
                0x000000000800f8a2                HAL_ResumeTick
 .text.HAL_ADC_Init
                0x000000000800f8b0      0x14c ./Drivers/STM32F4xx_HAL_Driver/Src/stm32f4xx_hal_adc.o
                0x000000000800f8b0                HAL_ADC_Init
 .text.HAL_ADC_DeInit
                0x000000000800f9fc       0x34 ./Drivers/STM32F4xx_HAL_Driver/Src/stm32f4xx_hal_adc.o
                0x000000000800f9fc                HAL_ADC_DeInit
 .text.HAL_ADC_Start
                0x000000000800fa30      0x108 ./Drivers/STM32F4xx_HAL_Driver/Src/stm32f4xx_hal_adc.o
                0x000000000800fa30                HAL_ADC_Start
 .text.HAL_ADC_PollForConversion
                0x000000000800fb38       0xa6 ./Drivers/STM32F4xx_HAL_Driver/Src/stm32f4xx_hal_adc.o
                0x000000000800fb38                HAL_ADC_PollForConversion
 .text.HAL_ADC_GetValue
                0x000000000800fbde        0x6 ./Drivers/STM32F4xx_HAL_Driver/Src/stm32f4xx_hal_adc.o
                0x000000000800fbde                HAL_ADC_GetValue
 .text.HAL_ADC_ConvCpltCallback
                0x000000000800fbe4        0x2 ./Drivers/STM32F4xx_HAL_Driver/Src/stm32f4xx_hal_adc.o
                0x000000000800fbe4                HAL_ADC_ConvCpltCallback
 .text.HAL_ADC_LevelOutOfWindowCallback
                0x000000000800fbe6        0x2 ./Drivers/STM32F4xx_HAL_Driver/Src/stm32f4xx_hal_adc.o
                0x000000000800fbe6                HAL_ADC_LevelOutOfWindowCallback
 .text.HAL_ADC_ErrorCallback
                0x000000000800fbe8        0x2 ./Drivers/STM32F4xx_HAL_Driver/Src/stm32f4xx_hal_adc.o
                0x000000000800fbe8                HAL_ADC_ErrorCallback
 .text.HAL_ADC_IRQHandler
                0x000000000800fbea      0x11c ./Drivers/STM32F4xx_HAL_Driver/Src/stm32f4xx_hal_adc.o
                0x000000000800fbea                HAL_ADC_IRQHandler
 *fill*         0x000000000800fd06        0x2 
 .text.HAL_ADC_ConfigChannel
                0x000000000800fd08      0x124 ./Drivers/STM32F4xx_HAL_Driver/Src/stm32f4xx_hal_adc.o
                0x000000000800fd08                HAL_ADC_ConfigChannel
 .text.HAL_ADCEx_InjectedConvCpltCallback
                0x000000000800fe2c        0x2 ./Drivers/STM32F4xx_HAL_Driver/Src/stm32f4xx_hal_adc_ex.o
                0x000000000800fe2c                HAL_ADCEx_InjectedConvCpltCallback
 *fill*         0x000000000800fe2e        0x2 
 .text.HAL_NVIC_SetPriorityGrouping
                0x000000000800fe30       0x24 ./Drivers/STM32F4xx_HAL_Driver/Src/stm32f4xx_hal_cortex.o
                0x000000000800fe30                HAL_NVIC_SetPriorityGrouping
 .text.HAL_NVIC_SetPriority
                0x000000000800fe54       0x64 ./Drivers/STM32F4xx_HAL_Driver/Src/stm32f4xx_hal_cortex.o
                0x000000000800fe54                HAL_NVIC_SetPriority
 .text.HAL_NVIC_EnableIRQ
                0x000000000800feb8       0x1c ./Drivers/STM32F4xx_HAL_Driver/Src/stm32f4xx_hal_cortex.o
                0x000000000800feb8                HAL_NVIC_EnableIRQ
 .text.HAL_NVIC_DisableIRQ
                0x000000000800fed4       0x28 ./Drivers/STM32F4xx_HAL_Driver/Src/stm32f4xx_hal_cortex.o
                0x000000000800fed4                HAL_NVIC_DisableIRQ
 .text.HAL_NVIC_SystemReset
                0x000000000800fefc       0x24 ./Drivers/STM32F4xx_HAL_Driver/Src/stm32f4xx_hal_cortex.o
                0x000000000800fefc                HAL_NVIC_SystemReset
 .text.HAL_SYSTICK_Config
                0x000000000800ff20       0x28 ./Drivers/STM32F4xx_HAL_Driver/Src/stm32f4xx_hal_cortex.o
                0x000000000800ff20                HAL_SYSTICK_Config
 .text.HAL_CRC_Init
                0x000000000800ff48       0x20 ./Drivers/STM32F4xx_HAL_Driver/Src/stm32f4xx_hal_crc.o
                0x000000000800ff48                HAL_CRC_Init
 .text.HAL_CRC_Accumulate
                0x000000000800ff68       0x22 ./Drivers/STM32F4xx_HAL_Driver/Src/stm32f4xx_hal_crc.o
                0x000000000800ff68                HAL_CRC_Accumulate
 .text.HAL_DMA_Abort
                0x000000000800ff8a       0x88 ./Drivers/STM32F4xx_HAL_Driver/Src/stm32f4xx_hal_dma.o
                0x000000000800ff8a                HAL_DMA_Abort
 .text.HAL_DMA_Abort_IT
                0x0000000008010012       0x24 ./Drivers/STM32F4xx_HAL_Driver/Src/stm32f4xx_hal_dma.o
                0x0000000008010012                HAL_DMA_Abort_IT
 *fill*         0x0000000008010036        0x2 
 .text.HAL_GPIO_Init
                0x0000000008010038      0x1b4 ./Drivers/STM32F4xx_HAL_Driver/Src/stm32f4xx_hal_gpio.o
                0x0000000008010038                HAL_GPIO_Init
 .text.HAL_GPIO_DeInit
                0x00000000080101ec      0x12c ./Drivers/STM32F4xx_HAL_Driver/Src/stm32f4xx_hal_gpio.o
                0x00000000080101ec                HAL_GPIO_DeInit
 .text.HAL_GPIO_ReadPin
                0x0000000008010318        0xc ./Drivers/STM32F4xx_HAL_Driver/Src/stm32f4xx_hal_gpio.o
                0x0000000008010318                HAL_GPIO_ReadPin
 .text.HAL_GPIO_WritePin
                0x0000000008010324        0xa ./Drivers/STM32F4xx_HAL_Driver/Src/stm32f4xx_hal_gpio.o
                0x0000000008010324                HAL_GPIO_WritePin
 *fill*         0x000000000801032e        0x2 
 .text.HAL_GPIO_EXTI_IRQHandler
                0x0000000008010330       0x18 ./Drivers/STM32F4xx_HAL_Driver/Src/stm32f4xx_hal_gpio.o
                0x0000000008010330                HAL_GPIO_EXTI_IRQHandler
 .text.HAL_HCD_HC_Init
                0x0000000008010348       0x6c ./Drivers/STM32F4xx_HAL_Driver/Src/stm32f4xx_hal_hcd.o
                0x0000000008010348                HAL_HCD_HC_Init
 .text.HAL_HCD_HC_Halt
                0x00000000080103b4       0x24 ./Drivers/STM32F4xx_HAL_Driver/Src/stm32f4xx_hal_hcd.o
                0x00000000080103b4                HAL_HCD_HC_Halt
 .text.HAL_HCD_Init
                0x00000000080103d8       0x98 ./Drivers/STM32F4xx_HAL_Driver/Src/stm32f4xx_hal_hcd.o
                0x00000000080103d8                HAL_HCD_Init
 .text.HAL_HCD_DeInit
                0x0000000008010470       0x22 ./Drivers/STM32F4xx_HAL_Driver/Src/stm32f4xx_hal_hcd.o
                0x0000000008010470                HAL_HCD_DeInit
 *fill*         0x0000000008010492        0x2 
 .text.HAL_HCD_HC_SubmitRequest
                0x0000000008010494       0xc8 ./Drivers/STM32F4xx_HAL_Driver/Src/stm32f4xx_hal_hcd.o
                0x0000000008010494                HAL_HCD_HC_SubmitRequest
 .text.HAL_HCD_IRQHandler
                0x000000000801055c      0x5e4 ./Drivers/STM32F4xx_HAL_Driver/Src/stm32f4xx_hal_hcd.o
                0x000000000801055c                HAL_HCD_IRQHandler
 .text.HAL_HCD_Start
                0x0000000008010b40       0x2a ./Drivers/STM32F4xx_HAL_Driver/Src/stm32f4xx_hal_hcd.o
                0x0000000008010b40                HAL_HCD_Start
 .text.HAL_HCD_Stop
                0x0000000008010b6a       0x24 ./Drivers/STM32F4xx_HAL_Driver/Src/stm32f4xx_hal_hcd.o
                0x0000000008010b6a                HAL_HCD_Stop
 .text.HAL_HCD_ResetPort_Start
                0x0000000008010b8e        0x6 ./Drivers/STM32F4xx_HAL_Driver/Src/stm32f4xx_hal_hcd.o
                0x0000000008010b8e                HAL_HCD_ResetPort_Start
 .text.HAL_HCD_ResetPort_End
                0x0000000008010b94        0x6 ./Drivers/STM32F4xx_HAL_Driver/Src/stm32f4xx_hal_hcd.o
                0x0000000008010b94                HAL_HCD_ResetPort_End
 .text.HAL_HCD_HC_GetURBState
                0x0000000008010b9a        0xc ./Drivers/STM32F4xx_HAL_Driver/Src/stm32f4xx_hal_hcd.o
                0x0000000008010b9a                HAL_HCD_HC_GetURBState
 .text.HAL_HCD_HC_GetXferCount
                0x0000000008010ba6        0xa ./Drivers/STM32F4xx_HAL_Driver/Src/stm32f4xx_hal_hcd.o
                0x0000000008010ba6                HAL_HCD_HC_GetXferCount
 .text.HAL_HCD_GetCurrentFrame
                0x0000000008010bb0        0x6 ./Drivers/STM32F4xx_HAL_Driver/Src/stm32f4xx_hal_hcd.o
                0x0000000008010bb0                HAL_HCD_GetCurrentFrame
 .text.HAL_HCD_GetCurrentSpeed
                0x0000000008010bb6        0x6 ./Drivers/STM32F4xx_HAL_Driver/Src/stm32f4xx_hal_hcd.o
                0x0000000008010bb6                HAL_HCD_GetCurrentSpeed
 .text.I2C_IsAcknowledgeFailed
                0x0000000008010bbc       0x34 ./Drivers/STM32F4xx_HAL_Driver/Src/stm32f4xx_hal_i2c.o
 .text.I2C_WaitOnFlagUntilTimeout
                0x0000000008010bf0       0x64 ./Drivers/STM32F4xx_HAL_Driver/Src/stm32f4xx_hal_i2c.o
 .text.I2C_WaitOnMasterAddressFlagUntilTimeout
                0x0000000008010c54       0x76 ./Drivers/STM32F4xx_HAL_Driver/Src/stm32f4xx_hal_i2c.o
 .text.I2C_WaitOnRXNEFlagUntilTimeout
                0x0000000008010cca       0x5e ./Drivers/STM32F4xx_HAL_Driver/Src/stm32f4xx_hal_i2c.o
 .text.I2C_WaitOnBTFFlagUntilTimeout
                0x0000000008010d28       0x4c ./Drivers/STM32F4xx_HAL_Driver/Src/stm32f4xx_hal_i2c.o
 .text.I2C_WaitOnTXEFlagUntilTimeout
                0x0000000008010d74       0x4c ./Drivers/STM32F4xx_HAL_Driver/Src/stm32f4xx_hal_i2c.o
 .text.HAL_I2C_Init
                0x0000000008010dc0      0x150 ./Drivers/STM32F4xx_HAL_Driver/Src/stm32f4xx_hal_i2c.o
                0x0000000008010dc0                HAL_I2C_Init
 .text.HAL_I2C_DeInit
                0x0000000008010f10       0x32 ./Drivers/STM32F4xx_HAL_Driver/Src/stm32f4xx_hal_i2c.o
                0x0000000008010f10                HAL_I2C_DeInit
 *fill*         0x0000000008010f42        0x2 
 .text.HAL_I2C_Master_Transmit
                0x0000000008010f44      0x1b0 ./Drivers/STM32F4xx_HAL_Driver/Src/stm32f4xx_hal_i2c.o
                0x0000000008010f44                HAL_I2C_Master_Transmit
 .text.HAL_I2C_Master_Receive
                0x00000000080110f4      0x2e0 ./Drivers/STM32F4xx_HAL_Driver/Src/stm32f4xx_hal_i2c.o
                0x00000000080110f4                HAL_I2C_Master_Receive
 .text.HAL_I2C_IsDeviceReady
                0x00000000080113d4      0x160 ./Drivers/STM32F4xx_HAL_Driver/Src/stm32f4xx_hal_i2c.o
                0x00000000080113d4                HAL_I2C_IsDeviceReady
 .text.HAL_IWDG_Init
                0x0000000008011534       0x50 ./Drivers/STM32F4xx_HAL_Driver/Src/stm32f4xx_hal_iwdg.o
                0x0000000008011534                HAL_IWDG_Init
 .text.HAL_IWDG_Refresh
                0x0000000008011584        0xc ./Drivers/STM32F4xx_HAL_Driver/Src/stm32f4xx_hal_iwdg.o
                0x0000000008011584                HAL_IWDG_Refresh
 .text.HAL_PWR_EnterSLEEPMode
                0x0000000008011590       0x20 ./Drivers/STM32F4xx_HAL_Driver/Src/stm32f4xx_hal_pwr.o
                0x0000000008011590                HAL_PWR_EnterSLEEPMode
 .text.HAL_RCC_OscConfig
                0x00000000080115b0      0x360 ./Drivers/STM32F4xx_HAL_Driver/Src/stm32f4xx_hal_rcc.o
                0x00000000080115b0                HAL_RCC_OscConfig
 .text.HAL_RCC_GetSysClockFreq
                0x0000000008011910       0x5c ./Drivers/STM32F4xx_HAL_Driver/Src/stm32f4xx_hal_rcc.o
                0x0000000008011910                HAL_RCC_GetSysClockFreq
 .text.HAL_RCC_ClockConfig
                0x000000000801196c      0x138 ./Drivers/STM32F4xx_HAL_Driver/Src/stm32f4xx_hal_rcc.o
                0x000000000801196c                HAL_RCC_ClockConfig
 .text.HAL_RCC_GetHCLKFreq
                0x0000000008011aa4        0xc ./Drivers/STM32F4xx_HAL_Driver/Src/stm32f4xx_hal_rcc.o
                0x0000000008011aa4                HAL_RCC_GetHCLKFreq
 .text.HAL_RCC_GetPCLK1Freq
                0x0000000008011ab0       0x20 ./Drivers/STM32F4xx_HAL_Driver/Src/stm32f4xx_hal_rcc.o
                0x0000000008011ab0                HAL_RCC_GetPCLK1Freq
 .text.HAL_RCC_GetPCLK2Freq
                0x0000000008011ad0       0x20 ./Drivers/STM32F4xx_HAL_Driver/Src/stm32f4xx_hal_rcc.o
                0x0000000008011ad0                HAL_RCC_GetPCLK2Freq
 .text.SPI_WaitFlagStateUntilTimeout.constprop.0
                0x0000000008011af0       0xa8 ./Drivers/STM32F4xx_HAL_Driver/Src/stm32f4xx_hal_spi.o
 .text.SPI_EndRxTransaction
                0x0000000008011b98       0x54 ./Drivers/STM32F4xx_HAL_Driver/Src/stm32f4xx_hal_spi.o
 .text.SPI_EndRxTxTransaction
                0x0000000008011bec       0x58 ./Drivers/STM32F4xx_HAL_Driver/Src/stm32f4xx_hal_spi.o
 .text.HAL_SPI_Init
                0x0000000008011c44       0xb8 ./Drivers/STM32F4xx_HAL_Driver/Src/stm32f4xx_hal_spi.o
                0x0000000008011c44                HAL_SPI_Init
 .text.HAL_SPI_Transmit
                0x0000000008011cfc      0x15c ./Drivers/STM32F4xx_HAL_Driver/Src/stm32f4xx_hal_spi.o
                0x0000000008011cfc                HAL_SPI_Transmit
 .text.HAL_SPI_TransmitReceive
                0x0000000008011e58      0x1e8 ./Drivers/STM32F4xx_HAL_Driver/Src/stm32f4xx_hal_spi.o
                0x0000000008011e58                HAL_SPI_TransmitReceive
 .text.HAL_SPI_Receive
                0x0000000008012040      0x148 ./Drivers/STM32F4xx_HAL_Driver/Src/stm32f4xx_hal_spi.o
                0x0000000008012040                HAL_SPI_Receive
 .text.TIM_OC1_SetConfig
                0x0000000008012188       0x64 ./Drivers/STM32F4xx_HAL_Driver/Src/stm32f4xx_hal_tim.o
 .text.TIM_OC3_SetConfig
                0x00000000080121ec       0x6c ./Drivers/STM32F4xx_HAL_Driver/Src/stm32f4xx_hal_tim.o
 .text.TIM_OC4_SetConfig
                0x0000000008012258       0x4c ./Drivers/STM32F4xx_HAL_Driver/Src/stm32f4xx_hal_tim.o
 .text.HAL_TIM_Base_Start_IT
                0x00000000080122a4       0x74 ./Drivers/STM32F4xx_HAL_Driver/Src/stm32f4xx_hal_tim.o
                0x00000000080122a4                HAL_TIM_Base_Start_IT
 .text.HAL_TIM_Base_Stop_IT
                0x0000000008012318       0x30 ./Drivers/STM32F4xx_HAL_Driver/Src/stm32f4xx_hal_tim.o
                0x0000000008012318                HAL_TIM_Base_Stop_IT
 .text.HAL_TIM_OC_MspInit
                0x0000000008012348        0x2 ./Drivers/STM32F4xx_HAL_Driver/Src/stm32f4xx_hal_tim.o
                0x0000000008012348                HAL_TIM_OC_MspInit
 .text.HAL_TIM_PeriodElapsedCallback
                0x000000000801234a        0x2 ./Drivers/STM32F4xx_HAL_Driver/Src/stm32f4xx_hal_tim.o
                0x000000000801234a                HAL_TIM_PeriodElapsedCallback
 .text.HAL_TIM_OC_DelayElapsedCallback
                0x000000000801234c        0x2 ./Drivers/STM32F4xx_HAL_Driver/Src/stm32f4xx_hal_tim.o
                0x000000000801234c                HAL_TIM_OC_DelayElapsedCallback
 .text.HAL_TIM_IC_CaptureCallback
                0x000000000801234e        0x2 ./Drivers/STM32F4xx_HAL_Driver/Src/stm32f4xx_hal_tim.o
                0x000000000801234e                HAL_TIM_IC_CaptureCallback
 .text.HAL_TIM_PWM_PulseFinishedCallback
                0x0000000008012350        0x2 ./Drivers/STM32F4xx_HAL_Driver/Src/stm32f4xx_hal_tim.o
                0x0000000008012350                HAL_TIM_PWM_PulseFinishedCallback
 .text.HAL_TIM_TriggerCallback
                0x0000000008012352        0x2 ./Drivers/STM32F4xx_HAL_Driver/Src/stm32f4xx_hal_tim.o
                0x0000000008012352                HAL_TIM_TriggerCallback
 .text.HAL_TIM_IRQHandler
                0x0000000008012354      0x144 ./Drivers/STM32F4xx_HAL_Driver/Src/stm32f4xx_hal_tim.o
                0x0000000008012354                HAL_TIM_IRQHandler
 .text.TIM_Base_SetConfig
                0x0000000008012498       0xcc ./Drivers/STM32F4xx_HAL_Driver/Src/stm32f4xx_hal_tim.o
                0x0000000008012498                TIM_Base_SetConfig
 .text.HAL_TIM_Base_Init
                0x0000000008012564       0x58 ./Drivers/STM32F4xx_HAL_Driver/Src/stm32f4xx_hal_tim.o
                0x0000000008012564                HAL_TIM_Base_Init
 .text.HAL_TIM_OC_Init
                0x00000000080125bc       0x58 ./Drivers/STM32F4xx_HAL_Driver/Src/stm32f4xx_hal_tim.o
                0x00000000080125bc                HAL_TIM_OC_Init
 .text.TIM_OC2_SetConfig
                0x0000000008012614       0x6c ./Drivers/STM32F4xx_HAL_Driver/Src/stm32f4xx_hal_tim.o
                0x0000000008012614                TIM_OC2_SetConfig
 .text.HAL_TIM_OC_ConfigChannel
                0x0000000008012680       0x50 ./Drivers/STM32F4xx_HAL_Driver/Src/stm32f4xx_hal_tim.o
                0x0000000008012680                HAL_TIM_OC_ConfigChannel
 .text.HAL_TIM_PWM_ConfigChannel
                0x00000000080126d0       0xb8 ./Drivers/STM32F4xx_HAL_Driver/Src/stm32f4xx_hal_tim.o
                0x00000000080126d0                HAL_TIM_PWM_ConfigChannel
 .text.TIM_ETR_SetConfig
                0x0000000008012788       0x14 ./Drivers/STM32F4xx_HAL_Driver/Src/stm32f4xx_hal_tim.o
                0x0000000008012788                TIM_ETR_SetConfig
 .text.HAL_TIM_ConfigClockSource
                0x000000000801279c      0x138 ./Drivers/STM32F4xx_HAL_Driver/Src/stm32f4xx_hal_tim.o
                0x000000000801279c                HAL_TIM_ConfigClockSource
 .text.TIM_CCxChannelCmd
                0x00000000080128d4       0x1c ./Drivers/STM32F4xx_HAL_Driver/Src/stm32f4xx_hal_tim.o
                0x00000000080128d4                TIM_CCxChannelCmd
 .text.HAL_TIM_OC_Start
                0x00000000080128f0       0xd0 ./Drivers/STM32F4xx_HAL_Driver/Src/stm32f4xx_hal_tim.o
                0x00000000080128f0                HAL_TIM_OC_Start
 .text.HAL_TIM_PWM_Start
                0x00000000080129c0        0x4 ./Drivers/STM32F4xx_HAL_Driver/Src/stm32f4xx_hal_tim.o
                0x00000000080129c0                HAL_TIM_PWM_Start
 .text.HAL_TIM_OC_Stop
                0x00000000080129c4       0x80 ./Drivers/STM32F4xx_HAL_Driver/Src/stm32f4xx_hal_tim.o
                0x00000000080129c4                HAL_TIM_OC_Stop
 .text.HAL_TIM_PWM_Stop
                0x0000000008012a44        0x4 ./Drivers/STM32F4xx_HAL_Driver/Src/stm32f4xx_hal_tim.o
                0x0000000008012a44                HAL_TIM_PWM_Stop
 .text.HAL_TIMEx_MasterConfigSynchronization
                0x0000000008012a48       0x7c ./Drivers/STM32F4xx_HAL_Driver/Src/stm32f4xx_hal_tim_ex.o
                0x0000000008012a48                HAL_TIMEx_MasterConfigSynchronization
 .text.HAL_TIMEx_ConfigBreakDeadTime
                0x0000000008012ac4       0x4c ./Drivers/STM32F4xx_HAL_Driver/Src/stm32f4xx_hal_tim_ex.o
                0x0000000008012ac4                HAL_TIMEx_ConfigBreakDeadTime
 .text.HAL_TIMEx_CommutCallback
                0x0000000008012b10        0x2 ./Drivers/STM32F4xx_HAL_Driver/Src/stm32f4xx_hal_tim_ex.o
                0x0000000008012b10                HAL_TIMEx_CommutCallback
 .text.HAL_TIMEx_BreakCallback
                0x0000000008012b12        0x2 ./Drivers/STM32F4xx_HAL_Driver/Src/stm32f4xx_hal_tim_ex.o
                0x0000000008012b12                HAL_TIMEx_BreakCallback
 .text.UART_EndRxTransfer
                0x0000000008012b14       0x5c ./Drivers/STM32F4xx_HAL_Driver/Src/stm32f4xx_hal_uart.o
 .text.UART_SetConfig
                0x0000000008012b70       0xbc ./Drivers/STM32F4xx_HAL_Driver/Src/stm32f4xx_hal_uart.o
 .text.UART_WaitOnFlagUntilTimeout.constprop.0
                0x0000000008012c2c       0x6c ./Drivers/STM32F4xx_HAL_Driver/Src/stm32f4xx_hal_uart.o
 .text.HAL_UART_Init
                0x0000000008012c98       0x5c ./Drivers/STM32F4xx_HAL_Driver/Src/stm32f4xx_hal_uart.o
                0x0000000008012c98                HAL_UART_Init
 .text.HAL_UART_Transmit
                0x0000000008012cf4       0xaa ./Drivers/STM32F4xx_HAL_Driver/Src/stm32f4xx_hal_uart.o
                0x0000000008012cf4                HAL_UART_Transmit
 .text.HAL_UART_TxCpltCallback
                0x0000000008012d9e        0x2 ./Drivers/STM32F4xx_HAL_Driver/Src/stm32f4xx_hal_uart.o
                0x0000000008012d9e                HAL_UART_TxCpltCallback
 .text.HAL_UART_ErrorCallback
                0x0000000008012da0        0x2 ./Drivers/STM32F4xx_HAL_Driver/Src/stm32f4xx_hal_uart.o
                0x0000000008012da0                HAL_UART_ErrorCallback
 .text.UART_DMAAbortOnError
                0x0000000008012da2       0x10 ./Drivers/STM32F4xx_HAL_Driver/Src/stm32f4xx_hal_uart.o
 .text.HAL_UART_AbortReceiveCpltCallback
                0x0000000008012db2        0x2 ./Drivers/STM32F4xx_HAL_Driver/Src/stm32f4xx_hal_uart.o
                0x0000000008012db2                HAL_UART_AbortReceiveCpltCallback
 .text.HAL_UART_AbortReceive_IT
                0x0000000008012db4       0xb0 ./Drivers/STM32F4xx_HAL_Driver/Src/stm32f4xx_hal_uart.o
                0x0000000008012db4                HAL_UART_AbortReceive_IT
 .text.UART_DMARxOnlyAbortCallback
                0x0000000008012e64       0x16 ./Drivers/STM32F4xx_HAL_Driver/Src/stm32f4xx_hal_uart.o
 .text.HAL_UARTEx_RxEventCallback
                0x0000000008012e7a        0x2 ./Drivers/STM32F4xx_HAL_Driver/Src/stm32f4xx_hal_uart.o
                0x0000000008012e7a                HAL_UARTEx_RxEventCallback
 .text.UART_Receive_IT.part.0.isra.0
                0x0000000008012e7c       0xac ./Drivers/STM32F4xx_HAL_Driver/Src/stm32f4xx_hal_uart.o
 .text.HAL_UART_IRQHandler
                0x0000000008012f28      0x2a0 ./Drivers/STM32F4xx_HAL_Driver/Src/stm32f4xx_hal_uart.o
                0x0000000008012f28                HAL_UART_IRQHandler
 .text.UART_Start_Receive_IT
                0x00000000080131c8       0x36 ./Drivers/STM32F4xx_HAL_Driver/Src/stm32f4xx_hal_uart.o
                0x00000000080131c8                UART_Start_Receive_IT
 .text.HAL_UART_Receive_IT
                0x00000000080131fe       0x30 ./Drivers/STM32F4xx_HAL_Driver/Src/stm32f4xx_hal_uart.o
                0x00000000080131fe                HAL_UART_Receive_IT
 *fill*         0x000000000801322e        0x2 
 .text.USB_CoreReset
                0x0000000008013230       0x4c ./Drivers/STM32F4xx_HAL_Driver/Src/stm32f4xx_ll_usb.o
 .text.USB_CoreInit
                0x000000000801327c       0x80 ./Drivers/STM32F4xx_HAL_Driver/Src/stm32f4xx_ll_usb.o
                0x000000000801327c                USB_CoreInit
 .text.USB_EnableGlobalInt
                0x00000000080132fc        0xc ./Drivers/STM32F4xx_HAL_Driver/Src/stm32f4xx_ll_usb.o
                0x00000000080132fc                USB_EnableGlobalInt
 .text.USB_DisableGlobalInt
                0x0000000008013308        0xc ./Drivers/STM32F4xx_HAL_Driver/Src/stm32f4xx_ll_usb.o
                0x0000000008013308                USB_DisableGlobalInt
 .text.USB_SetCurrentMode
                0x0000000008013314       0x60 ./Drivers/STM32F4xx_HAL_Driver/Src/stm32f4xx_ll_usb.o
                0x0000000008013314                USB_SetCurrentMode
 .text.USB_FlushTxFifo
                0x0000000008013374       0x4c ./Drivers/STM32F4xx_HAL_Driver/Src/stm32f4xx_ll_usb.o
                0x0000000008013374                USB_FlushTxFifo
 .text.USB_FlushRxFifo
                0x00000000080133c0       0x48 ./Drivers/STM32F4xx_HAL_Driver/Src/stm32f4xx_ll_usb.o
                0x00000000080133c0                USB_FlushRxFifo
 .text.USB_WritePacket
                0x0000000008013408       0x26 ./Drivers/STM32F4xx_HAL_Driver/Src/stm32f4xx_ll_usb.o
                0x0000000008013408                USB_WritePacket
 .text.USB_ReadPacket
                0x000000000801342e       0x40 ./Drivers/STM32F4xx_HAL_Driver/Src/stm32f4xx_ll_usb.o
                0x000000000801342e                USB_ReadPacket
 .text.USB_ReadInterrupts
                0x000000000801346e        0x8 ./Drivers/STM32F4xx_HAL_Driver/Src/stm32f4xx_ll_usb.o
                0x000000000801346e                USB_ReadInterrupts
 .text.USB_GetMode
                0x0000000008013476        0x8 ./Drivers/STM32F4xx_HAL_Driver/Src/stm32f4xx_ll_usb.o
                0x0000000008013476                USB_GetMode
 *fill*         0x000000000801347e        0x2 
 .text.USB_HostInit
                0x0000000008013480       0xd8 ./Drivers/STM32F4xx_HAL_Driver/Src/stm32f4xx_ll_usb.o
                0x0000000008013480                USB_HostInit
 .text.USB_InitFSLSPClkSel
                0x0000000008013558       0x38 ./Drivers/STM32F4xx_HAL_Driver/Src/stm32f4xx_ll_usb.o
                0x0000000008013558                USB_InitFSLSPClkSel
 .text.USB_ResetPort_Start
                0x0000000008013590       0x24 ./Drivers/STM32F4xx_HAL_Driver/Src/stm32f4xx_ll_usb.o
                0x0000000008013590                USB_ResetPort_Start
 .text.USB_ResetPort_End
                0x00000000080135b4       0x24 ./Drivers/STM32F4xx_HAL_Driver/Src/stm32f4xx_ll_usb.o
                0x00000000080135b4                USB_ResetPort_End
 .text.USB_DriveVbus
                0x00000000080135d8       0x40 ./Drivers/STM32F4xx_HAL_Driver/Src/stm32f4xx_ll_usb.o
                0x00000000080135d8                USB_DriveVbus
 .text.USB_GetHostSpeed
                0x0000000008013618       0x16 ./Drivers/STM32F4xx_HAL_Driver/Src/stm32f4xx_ll_usb.o
                0x0000000008013618                USB_GetHostSpeed
 .text.USB_GetCurrentFrame
                0x000000000801362e        0xa ./Drivers/STM32F4xx_HAL_Driver/Src/stm32f4xx_ll_usb.o
                0x000000000801362e                USB_GetCurrentFrame
 .text.USB_HC_Init
                0x0000000008013638      0x114 ./Drivers/STM32F4xx_HAL_Driver/Src/stm32f4xx_ll_usb.o
                0x0000000008013638                USB_HC_Init
 .text.USB_HC_ReadInterrupt
                0x000000000801374c        0xa ./Drivers/STM32F4xx_HAL_Driver/Src/stm32f4xx_ll_usb.o
                0x000000000801374c                USB_HC_ReadInterrupt
 .text.USB_HC_Halt
                0x0000000008013756       0xb8 ./Drivers/STM32F4xx_HAL_Driver/Src/stm32f4xx_ll_usb.o
                0x0000000008013756                USB_HC_Halt
 *fill*         0x000000000801380e        0x2 
 .text.USB_DoPing
                0x0000000008013810       0x24 ./Drivers/STM32F4xx_HAL_Driver/Src/stm32f4xx_ll_usb.o
                0x0000000008013810                USB_DoPing
 .text.USB_HC_StartXfer
                0x0000000008013834      0x14e ./Drivers/STM32F4xx_HAL_Driver/Src/stm32f4xx_ll_usb.o
                0x0000000008013834                USB_HC_StartXfer
 .text.USB_StopHost
                0x0000000008013982       0x80 ./Drivers/STM32F4xx_HAL_Driver/Src/stm32f4xx_ll_usb.o
                0x0000000008013982                USB_StopHost
 *fill*         0x0000000008013a02        0x2 
 .text.MX_FATFS_Init
                0x0000000008013a04       0x1c ./FATFS/App/fatfs.o
                0x0000000008013a04                MX_FATFS_Init
 .text.get_fattime
                0x0000000008013a20        0x4 ./FATFS/App/fatfs.o
                0x0000000008013a20                get_fattime
 .text.USBH_initialize
                0x0000000008013a24        0x4 ./FATFS/Target/usbh_diskio.o
                0x0000000008013a24                USBH_initialize
 .text.USBH_status
                0x0000000008013a28       0x18 ./FATFS/Target/usbh_diskio.o
                0x0000000008013a28                USBH_status
 .text.USBH_ioctl
                0x0000000008013a40       0x60 ./FATFS/Target/usbh_diskio.o
                0x0000000008013a40                USBH_ioctl
 .text.USBH_read
                0x0000000008013aa0       0x58 ./FATFS/Target/usbh_diskio.o
                0x0000000008013aa0                USBH_read
 .text.USBH_write
                0x0000000008013af8       0x78 ./FATFS/Target/usbh_diskio.o
                0x0000000008013af8                USBH_write
 .text.USBH_HID_IncrementInterface
                0x0000000008013b70       0x30 ./Middlewares/ST/STM32_USB_Host_Library/Class/HID/Src/usbh_hid.o
 .text.USBH_HID_SOFProcess
                0x0000000008013ba0       0x30 ./Middlewares/ST/STM32_USB_Host_Library/Class/HID/Src/usbh_hid.o
 .text.USBH_HID_InterfaceDeInit
                0x0000000008013bd0       0x6a ./Middlewares/ST/STM32_USB_Host_Library/Class/HID/Src/usbh_hid.o
 *fill*         0x0000000008013c3a        0x2 
 .text.USBH_HID_InterfaceInit
                0x0000000008013c3c      0x2c0 ./Middlewares/ST/STM32_USB_Host_Library/Class/HID/Src/usbh_hid.o
 .text.USBH_HID_GetHIDReportDescriptor
                0x0000000008013efc       0x18 ./Middlewares/ST/STM32_USB_Host_Library/Class/HID/Src/usbh_hid.o
                0x0000000008013efc                USBH_HID_GetHIDReportDescriptor
 .text.USBH_HID_SetIdle
                0x0000000008013f14       0x1c ./Middlewares/ST/STM32_USB_Host_Library/Class/HID/Src/usbh_hid.o
                0x0000000008013f14                USBH_HID_SetIdle
 .text.USBH_HID_SetReport
                0x0000000008013f30       0x20 ./Middlewares/ST/STM32_USB_Host_Library/Class/HID/Src/usbh_hid.o
                0x0000000008013f30                USBH_HID_SetReport
 .text.USBH_HID_GetReport
                0x0000000008013f50       0x20 ./Middlewares/ST/STM32_USB_Host_Library/Class/HID/Src/usbh_hid.o
                0x0000000008013f50                USBH_HID_GetReport
 .text.USBH_HID_SetProtocol
                0x0000000008013f70       0x18 ./Middlewares/ST/STM32_USB_Host_Library/Class/HID/Src/usbh_hid.o
                0x0000000008013f70                USBH_HID_SetProtocol
 .text.USBH_HID_ClassRequest
                0x0000000008013f88       0xf0 ./Middlewares/ST/STM32_USB_Host_Library/Class/HID/Src/usbh_hid.o
 .text.USBH_HID_FifoInit
                0x0000000008014078        0xc ./Middlewares/ST/STM32_USB_Host_Library/Class/HID/Src/usbh_hid.o
                0x0000000008014078                USBH_HID_FifoInit
 .text.USBH_HID_FifoRead
                0x0000000008014084       0x44 ./Middlewares/ST/STM32_USB_Host_Library/Class/HID/Src/usbh_hid.o
                0x0000000008014084                USBH_HID_FifoRead
 .text.USBH_HID_FifoWrite
                0x00000000080140c8       0x54 ./Middlewares/ST/STM32_USB_Host_Library/Class/HID/Src/usbh_hid.o
                0x00000000080140c8                USBH_HID_FifoWrite
 .text.USBH_HID_Process
                0x000000000801411c      0x20c ./Middlewares/ST/STM32_USB_Host_Library/Class/HID/Src/usbh_hid.o
 .text.USBH_HID_CustomInit
                0x0000000008014328       0x44 ./Middlewares/ST/STM32_USB_Host_Library/Class/HID/Src/usbh_hid_custom.o
                0x0000000008014328                USBH_HID_CustomInit
 .text.USBH_HID_GetCustomInfo
                0x000000000801436c       0x44 ./Middlewares/ST/STM32_USB_Host_Library/Class/HID/Src/usbh_hid_custom.o
                0x000000000801436c                USBH_HID_GetCustomInfo
 .text.USBH_HID_KeybdInit
                0x00000000080143b0       0x5c ./Middlewares/ST/STM32_USB_Host_Library/Class/HID/Src/usbh_hid_keybd.o
                0x00000000080143b0                USBH_HID_KeybdInit
 .text.USBH_HID_GetASCIICode
                0x000000000801440c       0x48 ./Middlewares/ST/STM32_USB_Host_Library/Class/HID/Src/usbh_hid_keybd.o
                0x000000000801440c                USBH_HID_GetASCIICode
 .text.USBH_HID_GetKeybdInfo
                0x0000000008014454      0x184 ./Middlewares/ST/STM32_USB_Host_Library/Class/HID/Src/usbh_hid_keybd.o
                0x0000000008014454                USBH_HID_GetKeybdInfo
 .text.USBH_HID_MouseInit
                0x00000000080145d8       0x54 ./Middlewares/ST/STM32_USB_Host_Library/Class/HID/Src/usbh_hid_mouse.o
                0x00000000080145d8                USBH_HID_MouseInit
 .text.USBH_HID_GetMouseInfo
                0x000000000801462c       0xd4 ./Middlewares/ST/STM32_USB_Host_Library/Class/HID/Src/usbh_hid_mouse.o
                0x000000000801462c                USBH_HID_GetMouseInfo
 .text.HID_ReadItem
                0x0000000008014700       0x78 ./Middlewares/ST/STM32_USB_Host_Library/Class/HID/Src/usbh_hid_parser.o
                0x0000000008014700                HID_ReadItem
 .text.USBH_MSC_SOFProcess
                0x0000000008014778        0x4 ./Middlewares/ST/STM32_USB_Host_Library/Class/MSC/Src/usbh_msc.o
 .text.USBH_MSC_Process
                0x000000000801477c      0x324 ./Middlewares/ST/STM32_USB_Host_Library/Class/MSC/Src/usbh_msc.o
 .text.USBH_MSC_ClassRequest
                0x0000000008014aa0       0x7c ./Middlewares/ST/STM32_USB_Host_Library/Class/MSC/Src/usbh_msc.o
 .text.USBH_MSC_InterfaceDeInit
                0x0000000008014b1c       0x4c ./Middlewares/ST/STM32_USB_Host_Library/Class/MSC/Src/usbh_msc.o
 .text.USBH_MSC_InterfaceInit
                0x0000000008014b68      0x13c ./Middlewares/ST/STM32_USB_Host_Library/Class/MSC/Src/usbh_msc.o
 .text.USBH_MSC_RdWrProcess
                0x0000000008014ca4       0xc8 ./Middlewares/ST/STM32_USB_Host_Library/Class/MSC/Src/usbh_msc.o
 .text.USBH_MSC_UnitIsReady
                0x0000000008014d6c       0x22 ./Middlewares/ST/STM32_USB_Host_Library/Class/MSC/Src/usbh_msc.o
                0x0000000008014d6c                USBH_MSC_UnitIsReady
 .text.USBH_MSC_GetLUNInfo
                0x0000000008014d8e       0x2e ./Middlewares/ST/STM32_USB_Host_Library/Class/MSC/Src/usbh_msc.o
                0x0000000008014d8e                USBH_MSC_GetLUNInfo
 .text.USBH_MSC_Read
                0x0000000008014dbc       0x82 ./Middlewares/ST/STM32_USB_Host_Library/Class/MSC/Src/usbh_msc.o
                0x0000000008014dbc                USBH_MSC_Read
 .text.USBH_MSC_Write
                0x0000000008014e3e       0x82 ./Middlewares/ST/STM32_USB_Host_Library/Class/MSC/Src/usbh_msc.o
                0x0000000008014e3e                USBH_MSC_Write
 .text.USBH_MSC_BOT_REQ_Reset
                0x0000000008014ec0       0x10 ./Middlewares/ST/STM32_USB_Host_Library/Class/MSC/Src/usbh_msc_bot.o
                0x0000000008014ec0                USBH_MSC_BOT_REQ_Reset
 .text.USBH_MSC_BOT_REQ_GetMaxLUN
                0x0000000008014ed0       0x12 ./Middlewares/ST/STM32_USB_Host_Library/Class/MSC/Src/usbh_msc_bot.o
                0x0000000008014ed0                USBH_MSC_BOT_REQ_GetMaxLUN
 *fill*         0x0000000008014ee2        0x2 
 .text.USBH_MSC_BOT_Init
                0x0000000008014ee4       0x24 ./Middlewares/ST/STM32_USB_Host_Library/Class/MSC/Src/usbh_msc_bot.o
                0x0000000008014ee4                USBH_MSC_BOT_Init
 .text.USBH_MSC_BOT_Process
                0x0000000008014f08      0x1cc ./Middlewares/ST/STM32_USB_Host_Library/Class/MSC/Src/usbh_msc_bot.o
                0x0000000008014f08                USBH_MSC_BOT_Process
 .text.USBH_MSC_SCSI_TestUnitReady
                0x00000000080150d4       0x46 ./Middlewares/ST/STM32_USB_Host_Library/Class/MSC/Src/usbh_msc_scsi.o
                0x00000000080150d4                USBH_MSC_SCSI_TestUnitReady
 .text.USBH_MSC_SCSI_ReadCapacity
                0x000000000801511a       0x6a ./Middlewares/ST/STM32_USB_Host_Library/Class/MSC/Src/usbh_msc_scsi.o
                0x000000000801511a                USBH_MSC_SCSI_ReadCapacity
 .text.USBH_MSC_SCSI_Inquiry
                0x0000000008015184       0xc0 ./Middlewares/ST/STM32_USB_Host_Library/Class/MSC/Src/usbh_msc_scsi.o
                0x0000000008015184                USBH_MSC_SCSI_Inquiry
 .text.USBH_MSC_SCSI_RequestSense
                0x0000000008015244       0x7a ./Middlewares/ST/STM32_USB_Host_Library/Class/MSC/Src/usbh_msc_scsi.o
                0x0000000008015244                USBH_MSC_SCSI_RequestSense
 .text.USBH_MSC_SCSI_Write
                0x00000000080152be       0x7e ./Middlewares/ST/STM32_USB_Host_Library/Class/MSC/Src/usbh_msc_scsi.o
                0x00000000080152be                USBH_MSC_SCSI_Write
 .text.USBH_MSC_SCSI_Read
                0x000000000801533c       0x80 ./Middlewares/ST/STM32_USB_Host_Library/Class/MSC/Src/usbh_msc_scsi.o
                0x000000000801533c                USBH_MSC_SCSI_Read
 .text.DeInitStateMachine.isra.0
                0x00000000080153bc       0x3c ./Middlewares/ST/STM32_USB_Host_Library/Core/Src/usbh_core.o
 .text.USBH_Init
                0x00000000080153f8       0x58 ./Middlewares/ST/STM32_USB_Host_Library/Core/Src/usbh_core.o
                0x00000000080153f8                USBH_Init
 .text.USBH_DeInit
                0x0000000008015450       0x68 ./Middlewares/ST/STM32_USB_Host_Library/Core/Src/usbh_core.o
                0x0000000008015450                USBH_DeInit
 .text.USBH_RegisterClass
                0x00000000080154b8       0x4c ./Middlewares/ST/STM32_USB_Host_Library/Core/Src/usbh_core.o
                0x00000000080154b8                USBH_RegisterClass
 .text.USBH_SelectInterface
                0x0000000008015504       0x44 ./Middlewares/ST/STM32_USB_Host_Library/Core/Src/usbh_core.o
                0x0000000008015504                USBH_SelectInterface
 .text.USBH_FindInterface
                0x0000000008015548       0x3a ./Middlewares/ST/STM32_USB_Host_Library/Core/Src/usbh_core.o
                0x0000000008015548                USBH_FindInterface
 .text.USBH_CheckInterface
                0x0000000008015582       0x44 ./Middlewares/ST/STM32_USB_Host_Library/Core/Src/usbh_core.o
                0x0000000008015582                USBH_CheckInterface
 .text.USBH_Start
                0x00000000080155c6       0x14 ./Middlewares/ST/STM32_USB_Host_Library/Core/Src/usbh_core.o
                0x00000000080155c6                USBH_Start
 .text.USBH_Stop
                0x00000000080155da       0x24 ./Middlewares/ST/STM32_USB_Host_Library/Core/Src/usbh_core.o
                0x00000000080155da                USBH_Stop
 *fill*         0x00000000080155fe        0x2 
 .text.USBH_RecoveryPhost
                0x0000000008015600       0x8c ./Middlewares/ST/STM32_USB_Host_Library/Core/Src/usbh_core.o
                0x0000000008015600                USBH_RecoveryPhost
 .text.USBH_Process