../Core/Inc/dwt_stm32_delay.h:48:22:DWT_Delay_us	24	static
../Core/Src/DS18B20.c:111:13:DS18B20_IO_as_OUTPUT.isra	40	static
../Core/Src/DS18B20.c:92:13:DS18B20_IO_as_INPUT.isra	40	static
../Core/Src/DS18B20.c:121:13:DS18B20_IO_wait_for_1.constprop.isra	16	static
../Core/Src/DS18B20.c:54:19:DS18B20_power_channel	40	static
../Core/Src/DS18B20.c:44:19:DS18B20_init	8	static
../Core/Src/DS18B20.c:143:6:DS18B20_delayus	0	static
../Core/Src/DS18B20.c:150:6:DS18B20_LH_signal	32	static
../Core/Src/DS18B20.c:160:6:DS18B20_write_bit	8	static
../Core/Src/DS18B20.c:167:6:DS18B20_write_byte	24	static
../Core/Src/DS18B20.c:173:9:DS18B20_read_bit	32	static
../Core/Src/DS18B20.c:183:9:DS18B20_read_byte	24	static
../Core/Src/DS18B20.c:209:9:DS18B20_reset	32	static
../Core/Src/DS18B20.c:220:6:DS18B20_restart_ALL	16	static
../Core/Src/DS18B20.c:238:19:DS18B20_get_presence	8	static
../Core/Src/DS18B20.c:250:19:DS18B20_start_temperature_conversion	16	static
../Core/Src/DS18B20.c:281:7:DS18B20_bin_to_float	8	static
../Core/Src/DS18B20.c:292:6:DS18B20_float_to_bin	16	static
../Core/Src/DS18B20.c:315:7:DS18B20_celsius_to_fahrenheit	8	static
../Core/Src/DS18B20.c:319:7:DS18B20_get_temperature	40	static
../Core/Src/DS18B20.c:446:19:DS18B20_get_scratchpad	24	static
../Core/Src/DS18B20.c:466:19:DS18B20_write_scratchpad	24	static
../Core/Src/DS18B20.c:536:19:DS18B20_get_resolution	32	static
../Core/Src/DS18B20.c:563:19:DS18B20_set_resolution	40	static
../Core/Src/DS18B20.c:608:6:DS18B20_hex_id	88	static
../Core/Src/DS18B20.c:651:6:DS18B20_b64_id	12	static
../Core/Src/DS18B20.c:994:19:DS18B20_start_conversion	88	static
../Core/Src/DS18B20.c:1186:9:DS18B20_send_ID	24	static
../Core/Src/DS18B20.c:1197:7:DS18B20_get_temperature_with_ID	40	static
../Core/Src/DS18B20.c:1215:9:DS18B20_CRC8	12	static
../Core/Src/DS18B20.c:345:19:DS18B20_get_temperature_no_wait	48	static
../Core/Src/DS18B20.c:1152:19:DS18B20_get_ID	64	static
../Core/Src/DS18B20.c:684:19:DS18B20_readSensors	112	static
../Core/Src/DS18B20.c:1057:19:DS18B20_read_all	104	static
