../Core/Src/DS3231.c:48:13:MX_I2C1_Init	8	static
../Core/Src/DS3231.c:77:19:DS3231_send	40	static
../Core/Src/DS3231.c:93:19:DS3231_receive	40	static
../Core/Src/DS3231.c:109:9:DS3231_Bcd2Bin	0	static
../Core/Src/DS3231.c:116:9:DS3231_Bin2Bcd	0	static
../Core/Src/DS3231.c:239:19:DS3231_SetDateTime	32	static
../Core/Src/DS3231.c:130:19:DS3231_GetDateTime	64	static
../Core/Src/DS3231.c:300:19:writeRTC	24	static
../Core/Src/DS3231.c:316:19:readRTC	32	static
../Core/Src/DS3231.c:345:19:DS3231_SetAlarmSec	32	static
../Core/Src/DS3231.c:453:19:DS3231_SetAlarm	16	static
../Core/Src/DS3231.c:460:19:DS3231_AlarmInterrupt	24	static
../Core/Src/DS3231.c:506:19:DS3231_Alarm	24	static
../Core/Src/DS3231.c:555:19:DS3231_OscStopped	16	static
../Core/Src/DS3231.c:597:19:DS3231_SquareWave	16	static
