../Core/Src/ILI9341.c:141:6:ILI9341_Select	0	static
../Core/Src/ILI9341.c:147:6:ILI9341_Unselect	0	static
../Core/Src/ILI9341.c:151:6:ILI9341_Reset	8	static
../Core/Src/ILI9341.c:157:9:ILI9341_ReadData	16	static
../Core/Src/ILI9341.c:165:6:ILI9341_WriteCommand	16	static
../Core/Src/ILI9341.c:170:6:ILI9341_WriteData	24	static
../Core/Src/ILI9341.c:183:6:ILI9341_WriteData16	16	static
../Core/Src/ILI9341.c:188:6:ILI9341_SetAddressWindow	32	static
../Core/Src/ILI9341.c:573:6:ILI9341_FillRect.part.0	32	static
../Core/Src/ILI9341.c:210:6:ILI9341_Init	32	static
../Core/Src/ILI9341.c:395:6:ILI9341_DrawPixel	24	static
../Core/Src/ILI9341.c:408:6:ILI9341_WriteChar	56	static
../Core/Src/ILI9341.c:542:6:ILI9341_WriteString	48	static
../Core/Src/ILI9341.c:573:6:ILI9341_FillRect	8	static
../Core/Src/ILI9341.c:600:6:ILI9341_FillScreen	16	static
../Core/Src/ILI9341.c:604:6:ILI9341_DrawImage	24	static
../Core/Src/ILI9341.c:619:6:ILI9341_InvertColors	8	static
../Core/Src/ILI9341.c:625:6:ILI9341_DrawLineH	16	static
../Core/Src/ILI9341.c:632:6:ILI9341_DrawLineV	16	static
../Core/Src/ILI9341.c:639:6:ILI9341_DrawRect	32	static
../Core/Src/ILI9341.c:656:6:ILI9341_WritePixel	16	static
../Core/Src/ILI9341.c:378:6:ILI9341_Draw_BMP	48	static
../Core/Src/ILI9341.c:665:6:ILI9341_DrawLine	48	static
../Core/Src/ILI9341.c:717:10:ILI9341_color565	0	static
../Core/Src/ILI9341.c:721:10:ILI9341_readPixel	48	static
../Core/Src/ILI9341.c:748:10:ILI9341_readPixels16	32	static
../Core/Src/ILI9341.c:776:10:ILI9341_readPixels24	24	static
../Core/Src/ILI9341.c:808:10:ILI9341_Status	24	static
