../Core/Src/main.c:3183:13:usart_print_main_menu	8	static
../Core/Src/main.c:2625:13:MX_GPIO_Init	88	static
../Core/Src/main.c:2779:6:string2byte	0	static
../Core/Src/main.c:2785:6:byte2string	0	static
../Core/Src/main.c:2791:10:sizeof_array	0	static
../Core/Src/main.c:2807:6:HAL_GPIO_EXTI_Callback	16	static
../Core/Src/main.c:3116:6:get_ADC_Vref	16	static
../Core/Src/main.c:2917:6:ADC_get	56	static
../Core/Src/main.c:3160:6:user_pwm_setvalue	48	static
../Core/Src/main.c:3174:6:UART_Printf	272	static
../Core/Src/main.c:3212:6:HAL_UART_RxCpltCallback	16	static
../Core/Src/main.c:3305:7:map	0	static
../Core/Src/main.c:3331:19:DS3231_Setup	16	static
../Core/Src/main.c:3356:6:print_temperatures	40	static
../Core/Src/main.c:3379:6:Sleep_wakeup_by_Timer	8	static
../Core/Src/main.c:3399:6:beep	0	static
../Core/Src/main.c:3425:19:readTemperatureSensors	16	static
../Core/Src/main.c:3488:6:DS3231_init	40	static
../Core/Src/main.c:3583:10:Crc32	0	static
../Core/Src/main.c:3608:6:load_settings	120	static
../Core/Src/main.c:4146:6:password_user_clear	24	static
../Core/Src/main.c:4154:6:password_config_clear	24	static
../Core/Src/main.c:4166:6:get_data_from_mem_for_main	48	static
../Core/Src/main.c:4330:6:Error_Handler	8	static
../Core/Src/main.c:2021:6:SystemClock_Config	88	static
../Core/Src/main.c:4292:6:MX_SPI3_Init2	8	static
../Core/Src/main.c:3691:6:main_init	72	static
../Core/Src/main.c:650:5:main	168	static
