../Core/Src/MPU6050.c:41:13:MX_I2C3_Init	8	static
../Core/Src/MPU6050.c:69:19:MPU6050_send	40	static
../Core/Src/MPU6050.c:85:19:MPU6050_receive	40	static
../Core/Src/MPU6050.c:101:19:MPU6050_setReg	32	static
../Core/Src/MPU6050.c:148:19:MPU6050_ready	8	static
../Core/Src/MPU6050.c:235:19:MPU6050_acc	64	static
../Core/Src/MPU6050.c:347:19:MPU6050_acc_error	80	static
../Core/Src/MPU6050.c:457:19:MPU6050_reset	40	static
../Core/Src/MPU6050.c:510:19:MPU6050_who_am_i	24	static
../Core/Src/MPU6050.c:158:19:MPU6050_init	24	static
