../Core/Src/SCREEN.c:534:6:draw_logo	16	static
../Core/Src/SCREEN.c:545:6:lcd_menu_keyboard	8	static
../Core/Src/SCREEN.c:2228:6:add_char_to_text	12	static
../Core/Src/SCREEN.c:2242:6:text_editor	16	static
../Core/Src/SCREEN.c:3626:6:lcd_config_clock_cursor_move	0	static
../Core/Src/SCREEN.c:3665:6:lcd_config_clock_load	0	static
../Core/Src/SCREEN.c:3737:5:lcd_batt_charging	16	static
../Core/Src/SCREEN.c:3972:6:lcd_config_ch_load_sensor_value	56	static
../Core/Src/SCREEN.c:4054:6:ch_config_start	16	static
../Core/Src/SCREEN.c:4090:6:ch_config_stop	24	static
../Core/Src/SCREEN.c:4223:6:lcd_config_ch_blink_status	32	static
../Core/Src/SCREEN.c:4241:6:lcd_config_ch_blink_status2	32	static
../Core/Src/SCREEN.c:4259:6:lcd_config_ch_label	56	static
../Core/Src/SCREEN.c:4289:6:lcd_config_ch_str_start	64	static
../Core/Src/SCREEN.c:4351:6:lcd_config_ch_str_stop	64	static
../Core/Src/SCREEN.c:4693:6:make_menu_str	96	static
../Core/Src/SCREEN.c:4762:9:str_add_spaces	16	static
../Core/Src/SCREEN.c:4954:6:lcd_button	56	static
../Core/Src/SCREEN.c:4965:6:lcd_window	56	dynamic
../Core/Src/SCREEN.c:3671:6:lcd_config_clock	48	static
../Core/Src/SCREEN.c:3762:5:lcd_sensors_monitor	128	static
../Core/Src/SCREEN.c:3882:6:lcd_sensors_monitor_offset	40	static
../Core/Src/SCREEN.c:4118:6:lcd_config_ch	56	static
../Core/Src/SCREEN.c:4411:6:lcd_config_ch_confirm	40	static
../Core/Src/SCREEN.c:4509:6:lcd_config_language	136	static
../Core/Src/SCREEN.c:4687:6:lcd_config_ch_erase	24	static
../Core/Src/SCREEN.c:4803:9:lcd_main	64	static
../Core/Src/SCREEN.c:5195:9:lcd_progress_barX10	32	static
../Core/Src/SCREEN.c:5385:6:lcd_draw_progress_bars	40	static
../Core/Src/SCREEN.c:5234:9:lcd_progress_bar	40	static
../Core/Src/SCREEN.c:582:6:lcd_menu_keyboard_async	144	static
../Core/Src/SCREEN.c:5069:9:lcd_usb_export	56	static
../Core/Src/SCREEN.c:5430:9:lcd_memory_test_status	24	static
../Core/Src/SCREEN.c:5456:9:lcd_memory_test	64	static
../Core/Src/SCREEN.c:5553:9:lcd_password_config	136	static
../Core/Src/SCREEN.c:5638:9:lcd_password	120	static
../Core/Src/SCREEN.c:5670:6:lcd_password_blink	24	static
../Core/Src/SCREEN.c:2592:6:drawInfo	120	static
../Core/Src/SCREEN.c:5676:6:lcd_data_process	32	static
../Core/Src/SCREEN.c:5879:9:drawLegends	96	static
../Core/Src/SCREEN.c:6001:6:drawGrid	56	static
../Core/Src/SCREEN.c:6019:6:drawLines	80	static
../Core/Src/SCREEN.c:5947:9:drawGrids	16	static
../Core/Src/SCREEN.c:5706:9:lcd_graph	112	static
../Core/Src/SCREEN.c:4991:9:lcd_loop	16	static
