../USB_HOST/App/usb_host.c:2577:13:USBH_UserProcess1	8	static
../USB_HOST/App/usb_host.c:2643:13:USBH_UserProcess2	0	static
../USB_HOST/App/usb_host.c:415:6:update_kbd_info_lcd	0	static
../USB_HOST/App/usb_host.c:437:6:keyboardMain	16	static
../USB_HOST/App/usb_host.c:502:6:USB_Error_Handler	8	static
../USB_HOST/App/usb_host.c:541:9:file_exists	608	static
../USB_HOST/App/usb_host.c:769:6:get_data_header	64	static
../USB_HOST/App/usb_host.c:861:6:shared_data_clear	16	static
../USB_HOST/App/usb_host.c:875:9:get_shared_Sensor_Id_index64	48	static
../USB_HOST/App/usb_host.c:914:6:replace_char	16	static
../USB_HOST/App/usb_host.c:797:6:get_data_header2	144	static
../USB_HOST/App/usb_host.c:926:6:get_data	576	static
../USB_HOST/App/usb_host.c:1223:9:set_timestamp	296	static
../USB_HOST/App/usb_host.c:564:19:save_BMP_function	760	static
../USB_HOST/App/usb_host.c:554:19:save_BMP_Export	8	static
../USB_HOST/App/usb_host.c:1962:6:update_exported_data	96	static
../USB_HOST/App/usb_host.c:1236:9:userFunction	160	static
../USB_HOST/App/usb_host.c:527:9:userFunctionExport	8	static
../USB_HOST/App/usb_host.c:1974:6:USB_Force_Recovery	0	static
../USB_HOST/App/usb_host.c:1978:6:MX_USB_HOST_Process_HS	0	static
../USB_HOST/App/usb_host.c:1997:6:MX_USB_HOST_Process_FS	16	static
../USB_HOST/App/usb_host.c:2195:6:USBH_HID_EventCallback	48	static
../USB_HOST/App/usb_host.c:2394:6:USBH_HID_EventCallback1	40	static
../USB_HOST/App/usb_host.c:2522:6:MX_USB_HOST_Init	8	static
../USB_HOST/App/usb_host.c:2569:6:MX_USB_HOST_Process	8	static
